[2026-08-10 11:40:44] - 'Administrateur : x64 Native Tools Command Prompt for VS Insiders'
<UP>
[CLIPBOARD] $(CC) $(OBJ) /Fe:$(NAME) /link \
    /SUBSYSTEM:WINDOWS \
    /ENTRY:mainCRTStartup \
    /LIBPATH:"C:\Program Files (x86)\Windows Kits\10\Lib\10.0.19041.0\um\x64" \
    user32.lib gdi32.lib advapi32.lib kernel32.lib psapi.lib ole32.lib \
    uuid.lib \
    mfplat.lib mf.lib mfreadwrite.lib mfuuid.lib winmm.lib shell32.lib mmdevapi.lib

[2026-08-10 11:40:44] - 'Administrateur : x64 Native Tools Command Prompt for VS Insiders'
<UP>
[2026-08-10 11:40:45] - 'Administrateur : x64 Native Tools Command Prompt for VS Insiders'
<UP>
[2026-08-10 11:40:45] - 'Administrateur : x64 Native Tools Command Prompt for VS Insiders'
<ENTER>
[2026-08-10 11:41:03] - 'Administrateur : x64 Native Tools Command Prompt for VS Insiders'
l
[2026-08-10 11:41:03] - 'Administrateur : x64 Native Tools Command Prompt for VS Insiders'
l
[2026-08-10 11:41:04] - 'Administrateur : x64 Native Tools Command Prompt for VS Insiders'
l
[2026-08-10 11:41:04] - 'Administrateur : x64 Native Tools Command Prompt for VS Insiders'
s
[2026-08-10 11:41:04] - 'Administrateur : x64 Native Tools Command Prompt for VS Insiders'
<ENTER>
[2026-08-10 11:41:09] - 'Sélection Administrateur : x64 Native Tools Command Prompt for VS Insiders'
<LCTRL>
[2026-08-10 11:41:09] - 'Sélection Administrateur : x64 Native Tools Command Prompt for VS Insiders'
c
[2026-08-10 11:41:14] - 'Sélection Administrateur : x64 Native Tools Command Prompt for VS Insiders'
<LCTRL>
[CLIPBOARD] llls
[2026-08-10 11:41:14] - 'Sélection Administrateur : x64 Native Tools Command Prompt for VS Insiders'
v
[2026-08-10 11:41:18] - 'Sélection Administrateur : x64 Native Tools Command Prompt for VS Insiders'
<LCTRL>
[2026-08-10 11:41:19] - 'Sélection Administrateur : x64 Native Tools Command Prompt for VS Insiders'
<LCTRL>
[2026-08-10 11:41:19] - 'Sélection Administrateur : x64 Native Tools Command Prompt for VS Insiders'
c
[2026-08-10 11:41:23] - 'Sélection Administrateur : x64 Native Tools Command Prompt for VS Insiders'
<LCTRL>
[2026-08-10 11:41:23] - 'Sélection Administrateur : x64 Native Tools Command Prompt for VS Insiders'
c
[2026-08-10 11:41:26] - 'Sélection Administrateur : x64 Native Tools Command Prompt for VS Insiders'
<BACKSPACE>
[CLIPBOARD] >llls
[2026-08-10 11:41:26] - 'Administrateur : x64 Native Tools Command Prompt for VS Insiders'
<BACKSPACE>
[2026-08-10 11:41:27] - 'Administrateur : x64 Native Tools Command Prompt for VS Insiders'
<BACKSPACE>
[2026-08-10 11:41:27] - 'Administrateur : x64 Native Tools Command Prompt for VS Insiders'
<BACKSPACE>
[2026-08-10 11:41:27] - 'Administrateur : x64 Native Tools Command Prompt for VS Insiders'
<BACKSPACE>
[2026-08-10 11:41:32] - 'Sélection Administrateur : x64 Native Tools Command Prompt for VS Insiders'
l
[2026-08-10 11:41:33] - 'Administrateur : x64 Native Tools Command Prompt for VS Insiders'
l
[2026-08-10 11:41:33] - 'Administrateur : x64 Native Tools Command Prompt for VS Insiders'
s
[2026-08-10 11:41:35] - 'Administrateur : x64 Native Tools Command Prompt for VS Insiders'
<LCTRL>
[2026-08-10 11:41:35] - 'Administrateur : x64 Native Tools Command Prompt for VS Insiders'
v
[2026-08-10 11:41:39] - 'Sélection Administrateur : x64 Native Tools Command Prompt for VS Insiders'
<LCTRL>
[2026-08-10 11:41:40] - 'Sélection Administrateur : x64 Native Tools Command Prompt for VS Insiders'
v
[2026-08-10 11:41:41] - 'Administrateur : x64 Native Tools Command Prompt for VS Insiders'
<LCTRL>
[2026-08-10 11:41:41] - 'Administrateur : x64 Native Tools Command Prompt for VS Insiders'
v
[2026-08-10 11:41:44] - 'Sélection Administrateur : x64 Native Tools Command Prompt for VS Insiders'
<LCTRL>
[2026-08-10 11:41:44] - 'Sélection Administrateur : x64 Native Tools Command Prompt for VS Insiders'
v
[2026-08-10 11:41:45] - 'Administrateur : x64 Native Tools Command Prompt for VS Insiders'
<BACKSPACE>
[2026-08-10 11:41:45] - 'Administrateur : x64 Native Tools Command Prompt for VS Insiders'
<BACKSPACE>
[2026-08-10 11:41:45] - 'Administrateur : x64 Native Tools Command Prompt for VS Insiders'
<BACKSPACE>
[2026-08-10 11:41:45] - 'Administrateur : x64 Native Tools Command Prompt for VS Insiders'
<BACKSPACE>
[2026-08-10 11:41:45] - 'Administrateur : x64 Native Tools Command Prompt for VS Insiders'
<BACKSPACE>
[2026-08-10 11:41:45] - 'Administrateur : x64 Native Tools Command Prompt for VS Insiders'
<BACKSPACE>
[2026-08-10 11:41:45] - 'Administrateur : x64 Native Tools Command Prompt for VS Insiders'
<BACKSPACE>
[2026-08-10 11:41:45] - 'Administrateur : x64 Native Tools Command Prompt for VS Insiders'
<BACKSPACE>
[2026-08-10 11:41:45] - 'Administrateur : x64 Native Tools Command Prompt for VS Insiders'
<BACKSPACE>
[2026-08-10 11:41:45] - 'Administrateur : x64 Native Tools Command Prompt for VS Insiders'
<BACKSPACE>
[2026-08-10 11:41:45] - 'Administrateur : x64 Native Tools Command Prompt for VS Insiders'
<BACKSPACE>
[2026-08-10 11:41:45] - 'Administrateur : x64 Native Tools Command Prompt for VS Insiders'
<BACKSPACE>
[2026-08-10 11:41:46] - 'Administrateur : x64 Native Tools Command Prompt for VS Insiders'
<BACKSPACE>
[2026-08-10 11:41:46] - 'Administrateur : x64 Native Tools Command Prompt for VS Insiders'
<BACKSPACE>
[2026-08-10 11:41:46] - 'Administrateur : x64 Native Tools Command Prompt for VS Insiders'
<BACKSPACE>
[2026-08-10 11:41:46] - 'Administrateur : x64 Native Tools Command Prompt for VS Insiders'
<BACKSPACE>
[2026-08-10 11:41:46] - 'Administrateur : x64 Native Tools Command Prompt for VS Insiders'
<BACKSPACE>
[2026-08-10 11:41:46] - 'Administrateur : x64 Native Tools Command Prompt for VS Insiders'
<BACKSPACE>
[2026-08-10 11:41:46] - 'Administrateur : x64 Native Tools Command Prompt for VS Insiders'
<BACKSPACE>
[2026-08-10 11:41:46] - 'Administrateur : x64 Native Tools Command Prompt for VS Insiders'
<BACKSPACE>
[2026-08-10 11:41:46] - 'Administrateur : x64 Native Tools Command Prompt for VS Insiders'
<BACKSPACE>
[2026-08-10 11:41:46] - 'Administrateur : x64 Native Tools Command Prompt for VS Insiders'
<BACKSPACE>
[2026-08-10 11:41:46] - 'Administrateur : x64 Native Tools Command Prompt for VS Insiders'
<BACKSPACE>
[2026-08-10 11:41:46] - 'Administrateur : x64 Native Tools Command Prompt for VS Insiders'
<BACKSPACE>
[2026-08-10 11:41:46] - 'Administrateur : x64 Native Tools Command Prompt for VS Insiders'
<BACKSPACE>
[2026-08-10 11:41:46] - 'Administrateur : x64 Native Tools Command Prompt for VS Insiders'
<BACKSPACE>
[2026-08-10 11:41:46] - 'Administrateur : x64 Native Tools Command Prompt for VS Insiders'
<BACKSPACE>
[2026-08-10 11:41:46] - 'Administrateur : x64 Native Tools Command Prompt for VS Insiders'
<BACKSPACE>
[2026-08-10 11:41:46] - 'Administrateur : x64 Native Tools Command Prompt for VS Insiders'
<BACKSPACE>
[2026-08-10 11:41:46] - 'Administrateur : x64 Native Tools Command Prompt for VS Insiders'
<BACKSPACE>
[2026-08-10 11:41:46] - 'Administrateur : x64 Native Tools Command Prompt for VS Insiders'
<BACKSPACE>
[2026-08-10 11:41:46] - 'Administrateur : x64 Native Tools Command Prompt for VS Insiders'
<BACKSPACE>
[2026-08-10 11:41:46] - 'Administrateur : x64 Native Tools Command Prompt for VS Insiders'
<BACKSPACE>
[2026-08-10 11:41:46] - 'Administrateur : x64 Native Tools Command Prompt for VS Insiders'
<BACKSPACE>
[2026-08-10 11:41:46] - 'Administrateur : x64 Native Tools Command Prompt for VS Insiders'
<BACKSPACE>
[2026-08-10 11:41:46] - 'Administrateur : x64 Native Tools Command Prompt for VS Insiders'
<BACKSPACE>
[2026-08-10 11:41:46] - 'Administrateur : x64 Native Tools Command Prompt for VS Insiders'
<BACKSPACE>
[2026-08-10 11:42:01] - 'Administrateur : x64 Native Tools Command Prompt for VS Insiders'
<F9>
[2026-08-10 11:42:12] - 'Administrateur : x64 Native Tools Command Prompt for VS Insiders'
<ESC>
[2026-08-10 11:42:27] - 'Sélection Administrateur : x64 Native Tools Command Prompt for VS Insiders'
s
[2026-08-10 11:42:27] - 'Administrateur : x64 Native Tools Command Prompt for VS Insiders'
v
[2026-08-10 11:42:27] - 'Administrateur : x64 Native Tools Command Prompt for VS Insiders'
<TAB>
[2026-08-10 11:42:27] - 'Administrateur : x64 Native Tools Command Prompt for VS Insiders'
<SPACE>
[2026-08-10 11:42:29] - 'Administrateur : x64 Native Tools Command Prompt for VS Insiders'
s
[2026-08-10 11:42:29] - 'Administrateur : x64 Native Tools Command Prompt for VS Insiders'
t
[2026-08-10 11:42:29] - 'Administrateur : x64 Native Tools Command Prompt for VS Insiders'
o
[2026-08-10 11:42:29] - 'Administrateur : x64 Native Tools Command Prompt for VS Insiders'
p
[2026-08-10 11:42:29] - 'Administrateur : x64 Native Tools Command Prompt for VS Insiders'
<ENTER>
[2026-08-10 11:42:30] - 'Administrateur : x64 Native Tools Command Prompt for VS Insiders'
s
[2026-08-10 11:42:31] - 'Administrateur : x64 Native Tools Command Prompt for VS Insiders'
v
[2026-08-10 11:42:31] - 'Administrateur : x64 Native Tools Command Prompt for VS Insiders'
<TAB>
[2026-08-10 11:42:31] - 'Administrateur : x64 Native Tools Command Prompt for VS Insiders'
<SPACE>
[2026-08-10 11:42:32] - 'Administrateur : x64 Native Tools Command Prompt for VS Insiders'
d
[2026-08-10 11:42:32] - 'Administrateur : x64 Native Tools Command Prompt for VS Insiders'
e
[2026-08-10 11:42:32] - 'Administrateur : x64 Native Tools Command Prompt for VS Insiders'
e
[2026-08-10 11:42:32] - 'Administrateur : x64 Native Tools Command Prompt for VS Insiders'
l
[2026-08-10 11:42:32] - 'Administrateur : x64 Native Tools Command Prompt for VS Insiders'
t
[2026-08-10 11:42:32] - 'Administrateur : x64 Native Tools Command Prompt for VS Insiders'
e
[2026-08-10 11:42:33] - 'Administrateur : x64 Native Tools Command Prompt for VS Insiders'
<BACKSPACE>
[2026-08-10 11:42:33] - 'Administrateur : x64 Native Tools Command Prompt for VS Insiders'
<BACKSPACE>
[2026-08-10 11:42:33] - 'Administrateur : x64 Native Tools Command Prompt for VS Insiders'
<BACKSPACE>
[2026-08-10 11:42:33] - 'Administrateur : x64 Native Tools Command Prompt for VS Insiders'
<BACKSPACE>
[2026-08-10 11:42:34] - 'Administrateur : x64 Native Tools Command Prompt for VS Insiders'
l
[2026-08-10 11:42:34] - 'Administrateur : x64 Native Tools Command Prompt for VS Insiders'
k
[2026-08-10 11:42:34] - 'Administrateur : x64 Native Tools Command Prompt for VS Insiders'
e
[2026-08-10 11:42:34] - 'Administrateur : x64 Native Tools Command Prompt for VS Insiders'
t
[2026-08-10 11:42:34] - 'Administrateur : x64 Native Tools Command Prompt for VS Insiders'
e
[2026-08-10 11:42:35] - 'Administrateur : x64 Native Tools Command Prompt for VS Insiders'
<BACKSPACE>
[2026-08-10 11:42:35] - 'Administrateur : x64 Native Tools Command Prompt for VS Insiders'
<BACKSPACE>
[2026-08-10 11:42:35] - 'Administrateur : x64 Native Tools Command Prompt for VS Insiders'
<BACKSPACE>
[2026-08-10 11:42:35] - 'Administrateur : x64 Native Tools Command Prompt for VS Insiders'
<BACKSPACE>
[2026-08-10 11:42:35] - 'Administrateur : x64 Native Tools Command Prompt for VS Insiders'
e
[2026-08-10 11:42:35] - 'Administrateur : x64 Native Tools Command Prompt for VS Insiders'
t
[2026-08-10 11:42:35] - 'Administrateur : x64 Native Tools Command Prompt for VS Insiders'
e
[2026-08-10 11:42:36] - 'Administrateur : x64 Native Tools Command Prompt for VS Insiders'
<ENTER>
[2026-08-10 11:42:38] - 'Administrateur : x64 Native Tools Command Prompt for VS Insiders'
<LCTRL>
[2026-08-10 11:42:38] - 'Administrateur : x64 Native Tools Command Prompt for VS Insiders'
c
[2026-08-10 11:42:38] - 'Administrateur : x64 Native Tools Command Prompt for VS Insiders'
l
[2026-08-10 11:42:39] - 'Administrateur : x64 Native Tools Command Prompt for VS Insiders'
s
[2026-08-10 11:42:39] - 'Administrateur : x64 Native Tools Command Prompt for VS Insiders'
<ENTER>
[2026-08-10 11:42:45] - 'Sélection Administrateur : x64 Native Tools Command Prompt for VS Insiders'
c
[2026-08-10 11:42:45] - 'Administrateur : x64 Native Tools Command Prompt for VS Insiders'
d
[2026-08-10 11:42:45] - 'Administrateur : x64 Native Tools Command Prompt for VS Insiders'
<SPACE>
[2026-08-10 11:42:46] - 'Administrateur : x64 Native Tools Command Prompt for VS Insiders'
.
[2026-08-10 11:42:46] - 'Administrateur : x64 Native Tools Command Prompt for VS Insiders'
.
[2026-08-10 11:42:48] - 'Administrateur : x64 Native Tools Command Prompt for VS Insiders'
<BACKSPACE>
[2026-08-10 11:42:48] - 'Administrateur : x64 Native Tools Command Prompt for VS Insiders'
<BACKSPACE>
[2026-08-10 11:42:48] - 'Administrateur : x64 Native Tools Command Prompt for VS Insiders'
<BACKSPACE>
[2026-08-10 11:42:49] - 'Administrateur : x64 Native Tools Command Prompt for VS Insiders'
<BACKSPACE>
[2026-08-10 11:42:49] - 'Administrateur : x64 Native Tools Command Prompt for VS Insiders'
<BACKSPACE>
[2026-08-10 11:42:50] - 'Administrateur : x64 Native Tools Command Prompt for VS Insiders'
<UP>
[2026-08-10 11:42:50] - 'Administrateur : x64 Native Tools Command Prompt for VS Insiders'
<UP>
[2026-08-10 11:43:23] - 'Administrateur : x64 Native Tools Command Prompt for VS Insiders'
<BACKSPACE>
[2026-08-10 11:43:24] - 'Administrateur : x64 Native Tools Command Prompt for VS Insiders'
<BACKSPACE>
[2026-08-10 11:43:24] - 'Administrateur : x64 Native Tools Command Prompt for VS Insiders'
<BACKSPACE>
[2026-08-10 11:43:24] - 'Administrateur : x64 Native Tools Command Prompt for VS Insiders'
<BACKSPACE>
[2026-08-10 11:43:24] - 'Administrateur : x64 Native Tools Command Prompt for VS Insiders'
<BACKSPACE>
[2026-08-10 11:43:24] - 'Administrateur : x64 Native Tools Command Prompt for VS Insiders'
<BACKSPACE>
[2026-08-10 11:43:24] - 'Administrateur : x64 Native Tools Command Prompt for VS Insiders'
<BACKSPACE>
[2026-08-10 11:43:24] - 'Administrateur : x64 Native Tools Command Prompt for VS Insiders'
<BACKSPACE>
[2026-08-10 11:43:24] - 'Administrateur : x64 Native Tools Command Prompt for VS Insiders'
<BACKSPACE>
[2026-08-10 11:43:24] - 'Administrateur : x64 Native Tools Command Prompt for VS Insiders'
<BACKSPACE>
[2026-08-10 11:43:24] - 'Administrateur : x64 Native Tools Command Prompt for VS Insiders'
<BACKSPACE>
[2026-08-10 11:43:24] - 'Administrateur : x64 Native Tools Command Prompt for VS Insiders'
<BACKSPACE>
[2026-08-10 11:43:24] - 'Administrateur : x64 Native Tools Command Prompt for VS Insiders'
<BACKSPACE>
[2026-08-10 11:43:24] - 'Administrateur : x64 Native Tools Command Prompt for VS Insiders'
<BACKSPACE>
[2026-08-10 11:43:24] - 'Administrateur : x64 Native Tools Command Prompt for VS Insiders'
<BACKSPACE>
[2026-08-10 11:43:24] - 'Administrateur : x64 Native Tools Command Prompt for VS Insiders'
<BACKSPACE>
[2026-08-10 11:43:24] - 'Administrateur : x64 Native Tools Command Prompt for VS Insiders'
<BACKSPACE>
[2026-08-10 11:43:24] - 'Administrateur : x64 Native Tools Command Prompt for VS Insiders'
<BACKSPACE>
[2026-08-10 11:43:24] - 'Administrateur : x64 Native Tools Command Prompt for VS Insiders'
<BACKSPACE>
[2026-08-10 11:43:24] - 'Administrateur : x64 Native Tools Command Prompt for VS Insiders'
<BACKSPACE>
[2026-08-10 11:43:24] - 'Administrateur : x64 Native Tools Command Prompt for VS Insiders'
<BACKSPACE>
[2026-08-10 11:43:24] - 'Administrateur : x64 Native Tools Command Prompt for VS Insiders'
<BACKSPACE>
[2026-08-10 11:43:24] - 'Administrateur : x64 Native Tools Command Prompt for VS Insiders'
<BACKSPACE>
[2026-08-10 11:43:24] - 'Administrateur : x64 Native Tools Command Prompt for VS Insiders'
<BACKSPACE>
[2026-08-10 11:43:24] - 'Administrateur : x64 Native Tools Command Prompt for VS Insiders'
<BACKSPACE>
[2026-08-10 11:43:25] - 'Administrateur : x64 Native Tools Command Prompt for VS Insiders'
t
[2026-08-10 11:43:25] - 'Administrateur : x64 Native Tools Command Prompt for VS Insiders'
a
[2026-08-10 11:43:25] - 'Administrateur : x64 Native Tools Command Prompt for VS Insiders'
s
[2026-08-10 11:43:26] - 'Administrateur : x64 Native Tools Command Prompt for VS Insiders'
l
[2026-08-10 11:43:27] - 'Administrateur : x64 Native Tools Command Prompt for VS Insiders'
<BACKSPACE>
[2026-08-10 11:43:27] - 'Administrateur : x64 Native Tools Command Prompt for VS Insiders'
k
[2026-08-10 11:43:28] - 'Administrateur : x64 Native Tools Command Prompt for VS Insiders'
l
[2026-08-10 11:43:28] - 'Administrateur : x64 Native Tools Command Prompt for VS Insiders'
s
[2026-08-10 11:43:28] - 'Administrateur : x64 Native Tools Command Prompt for VS Insiders'
i
[2026-08-10 11:43:28] - 'Administrateur : x64 Native Tools Command Prompt for VS Insiders'
t
[2026-08-10 11:43:28] - 'Administrateur : x64 Native Tools Command Prompt for VS Insiders'
<SPACE>
[2026-08-10 11:43:28] - 'Administrateur : x64 Native Tools Command Prompt for VS Insiders'
<LSHIFT>
[2026-08-10 11:43:29] - 'Administrateur : x64 Native Tools Command Prompt for VS Insiders'
<BACKSPACE>
[2026-08-10 11:43:29] - 'Administrateur : x64 Native Tools Command Prompt for VS Insiders'
<BACKSPACE>
[2026-08-10 11:43:29] - 'Administrateur : x64 Native Tools Command Prompt for VS Insiders'
<BACKSPACE>
[2026-08-10 11:43:29] - 'Administrateur : x64 Native Tools Command Prompt for VS Insiders'
<BACKSPACE>
[2026-08-10 11:43:30] - 'Administrateur : x64 Native Tools Command Prompt for VS Insiders'
i
[2026-08-10 11:43:30] - 'Administrateur : x64 Native Tools Command Prompt for VS Insiders'
s
[2026-08-10 11:43:30] - 'Administrateur : x64 Native Tools Command Prompt for VS Insiders'
t
[2026-08-10 11:43:30] - 'Administrateur : x64 Native Tools Command Prompt for VS Insiders'
<SPACE>
[2026-08-10 11:43:30] - 'Administrateur : x64 Native Tools Command Prompt for VS Insiders'
<LSHIFT>
[2026-08-10 11:43:30] - 'Administrateur : x64 Native Tools Command Prompt for VS Insiders'
\
[2026-08-10 11:43:31] - 'Administrateur : x64 Native Tools Command Prompt for VS Insiders'
<SPACE>
[2026-08-10 11:43:31] - 'Administrateur : x64 Native Tools Command Prompt for VS Insiders'
f
[2026-08-10 11:43:31] - 'Administrateur : x64 Native Tools Command Prompt for VS Insiders'
i
[2026-08-10 11:43:31] - 'Administrateur : x64 Native Tools Command Prompt for VS Insiders'
n
[2026-08-10 11:43:31] - 'Administrateur : x64 Native Tools Command Prompt for VS Insiders'
d
[2026-08-10 11:43:32] - 'Administrateur : x64 Native Tools Command Prompt for VS Insiders'
<SPACE>
[2026-08-10 11:43:32] - 'Administrateur : x64 Native Tools Command Prompt for VS Insiders'
<LSHIFT>
[2026-08-10 11:43:32] - 'Administrateur : x64 Native Tools Command Prompt for VS Insiders'
;
[2026-08-10 11:43:33] - 'Administrateur : x64 Native Tools Command Prompt for VS Insiders'
;
[2026-08-10 11:43:33] - 'Administrateur : x64 Native Tools Command Prompt for VS Insiders'
<BACKSPACE>
[2026-08-10 11:43:33] - 'Administrateur : x64 Native Tools Command Prompt for VS Insiders'
<BACKSPACE>
[2026-08-10 11:43:33] - 'Administrateur : x64 Native Tools Command Prompt for VS Insiders'
<LSHIFT>
[2026-08-10 11:43:33] - 'Administrateur : x64 Native Tools Command Prompt for VS Insiders'
'
[2026-08-10 11:43:33] - 'Administrateur : x64 Native Tools Command Prompt for VS Insiders'
'
[2026-08-10 11:43:34] - 'Administrateur : x64 Native Tools Command Prompt for VS Insiders'
<LEFT>
[2026-08-10 11:43:35] - 'Administrateur : x64 Native Tools Command Prompt for VS Insiders'
k
[2026-08-10 11:43:35] - 'Administrateur : x64 Native Tools Command Prompt for VS Insiders'
e
[2026-08-10 11:43:35] - 'Administrateur : x64 Native Tools Command Prompt for VS Insiders'
y
[2026-08-10 11:43:35] - 'Administrateur : x64 Native Tools Command Prompt for VS Insiders'
<ENTER>
[2026-08-10 11:43:38] - 'Administrateur : x64 Native Tools Command Prompt for VS Insiders'
<UP>
[2026-08-10 11:43:38] - 'Administrateur : x64 Native Tools Command Prompt for VS Insiders'
<UP>
[2026-08-10 11:43:39] - 'Administrateur : x64 Native Tools Command Prompt for VS Insiders'
<UP>
[2026-08-10 11:43:40] - 'Administrateur : x64 Native Tools Command Prompt for VS Insiders'
<UP>
[2026-08-10 11:43:40] - 'Administrateur : x64 Native Tools Command Prompt for VS Insiders'
<ENTER>
[2026-08-10 11:43:43] - 'Administrateur : x64 Native Tools Command Prompt for VS Insiders'
<UP>
[2026-08-10 11:43:43] - 'Administrateur : x64 Native Tools Command Prompt for VS Insiders'
<UP>
[2026-08-10 11:43:44] - 'Administrateur : x64 Native Tools Command Prompt for VS Insiders'
<UP>
[2026-08-10 11:43:44] - 'Administrateur : x64 Native Tools Command Prompt for VS Insiders'
<UP>
[2026-08-10 11:43:45] - 'Administrateur : x64 Native Tools Command Prompt for VS Insiders'
<UP>
[2026-08-10 11:43:45] - 'Administrateur : x64 Native Tools Command Prompt for VS Insiders'
<UP>
[2026-08-10 11:43:46] - 'Administrateur : x64 Native Tools Command Prompt for VS Insiders'
<UP>
[2026-08-10 11:43:46] - 'Administrateur : x64 Native Tools Command Prompt for VS Insiders'
<UP>
[2026-08-10 11:43:46] - 'Administrateur : x64 Native Tools Command Prompt for VS Insiders'
<UP>
[2026-08-10 11:43:47] - 'Administrateur : x64 Native Tools Command Prompt for VS Insiders'
<UP>
[2026-08-10 11:43:47] - 'Administrateur : x64 Native Tools Command Prompt for VS Insiders'
<UP>
[2026-08-10 11:43:47] - 'Administrateur : x64 Native Tools Command Prompt for VS Insiders'
<DOWN>
[2026-08-10 11:43:48] - 'Administrateur : x64 Native Tools Command Prompt for VS Insiders'
<DOWN>
[2026-08-10 11:43:48] - 'Administrateur : x64 Native Tools Command Prompt for VS Insiders'
<DOWN>
[2026-08-10 11:43:48] - 'Administrateur : x64 Native Tools Command Prompt for VS Insiders'
<DOWN>
[2026-08-10 11:43:48] - 'Administrateur : x64 Native Tools Command Prompt for VS Insiders'
<DOWN>
[2026-08-10 11:43:48] - 'Administrateur : x64 Native Tools Command Prompt for VS Insiders'
<DOWN>
[2026-08-10 11:43:48] - 'Administrateur : x64 Native Tools Command Prompt for VS Insiders'
<DOWN>
[2026-08-10 11:43:49] - 'Administrateur : x64 Native Tools Command Prompt for VS Insiders'
<DOWN>
[2026-08-10 11:43:49] - 'Administrateur : x64 Native Tools Command Prompt for VS Insiders'
<DOWN>
[2026-08-10 11:43:49] - 'Administrateur : x64 Native Tools Command Prompt for VS Insiders'
<DOWN>
[2026-08-10 11:43:50] - 'Administrateur : x64 Native Tools Command Prompt for VS Insiders'
<DOWN>
[2026-08-10 11:43:51] - 'Administrateur : x64 Native Tools Command Prompt for VS Insiders'
<ENTER>
[2026-08-10 11:43:52] - 'Administrateur : x64 Native Tools Command Prompt for VS Insiders'
<UP>
[2026-08-10 11:43:52] - 'Administrateur : x64 Native Tools Command Prompt for VS Insiders'
<UP>
[2026-08-10 11:43:52] - 'Administrateur : x64 Native Tools Command Prompt for VS Insiders'
<UP>
[2026-08-10 11:43:53] - 'Administrateur : x64 Native Tools Command Prompt for VS Insiders'
<UP>
[2026-08-10 11:43:53] - 'Administrateur : x64 Native Tools Command Prompt for VS Insiders'
<ENTER>
[2026-08-10 11:43:59] - 'Sélection Administrateur : x64 Native Tools Command Prompt for VS Insiders'
t
[2026-08-10 11:43:59] - 'Administrateur : x64 Native Tools Command Prompt for VS Insiders'
a
[2026-08-10 11:43:59] - 'Administrateur : x64 Native Tools Command Prompt for VS Insiders'
s
[2026-08-10 11:44:00] - 'Administrateur : x64 Native Tools Command Prompt for VS Insiders'
k
[2026-08-10 11:44:01] - 'Administrateur : x64 Native Tools Command Prompt for VS Insiders'
k
[2026-08-10 11:44:01] - 'Administrateur : x64 Native Tools Command Prompt for VS Insiders'
i
[2026-08-10 11:44:01] - 'Administrateur : x64 Native Tools Command Prompt for VS Insiders'
l
[2026-08-10 11:44:01] - 'Administrateur : x64 Native Tools Command Prompt for VS Insiders'
l
[2026-08-10 11:44:02] - 'Administrateur : x64 Native Tools Command Prompt for VS Insiders'
<SPACE>
[2026-08-10 11:44:04] - 'Administrateur : x64 Native Tools Command Prompt for VS Insiders'
/
[2026-08-10 11:44:04] - 'Administrateur : x64 Native Tools Command Prompt for VS Insiders'
<LSHIFT>
[2026-08-10 11:44:05] - 'Administrateur : x64 Native Tools Command Prompt for VS Insiders'
<LSHIFT>
[2026-08-10 11:44:05] - 'Administrateur : x64 Native Tools Command Prompt for VS Insiders'
<LSHIFT>
[2026-08-10 11:44:05] - 'Administrateur : x64 Native Tools Command Prompt for VS Insiders'
<LSHIFT>
[2026-08-10 11:44:05] - 'Administrateur : x64 Native Tools Command Prompt for VS Insiders'
<LSHIFT>
[2026-08-10 11:44:05] - 'Administrateur : x64 Native Tools Command Prompt for VS Insiders'
<LSHIFT>
[2026-08-10 11:44:05] - 'Administrateur : x64 Native Tools Command Prompt for VS Insiders'
<LSHIFT>
[2026-08-10 11:44:05] - 'Administrateur : x64 Native Tools Command Prompt for VS Insiders'
<LSHIFT>
[2026-08-10 11:44:05] - 'Administrateur : x64 Native Tools Command Prompt for VS Insiders'
<LSHIFT>
[2026-08-10 11:44:05] - 'Administrateur : x64 Native Tools Command Prompt for VS Insiders'
<LSHIFT>
[2026-08-10 11:44:05] - 'Administrateur : x64 Native Tools Command Prompt for VS Insiders'
<LSHIFT>
[2026-08-10 11:44:05] - 'Administrateur : x64 Native Tools Command Prompt for VS Insiders'
<LSHIFT>
[2026-08-10 11:44:05] - 'Administrateur : x64 Native Tools Command Prompt for VS Insiders'
<LSHIFT>
[2026-08-10 11:44:05] - 'Administrateur : x64 Native Tools Command Prompt for VS Insiders'
<LSHIFT>
[2026-08-10 11:44:05] - 'Administrateur : x64 Native Tools Command Prompt for VS Insiders'
<LSHIFT>
[2026-08-10 11:44:05] - 'Administrateur : x64 Native Tools Command Prompt for VS Insiders'
<LSHIFT>
[2026-08-10 11:44:05] - 'Administrateur : x64 Native Tools Command Prompt for VS Insiders'
<LSHIFT>
[2026-08-10 11:44:06] - 'Administrateur : x64 Native Tools Command Prompt for VS Insiders'
<LSHIFT>
[2026-08-10 11:44:06] - 'Administrateur : x64 Native Tools Command Prompt for VS Insiders'
<LSHIFT>
[2026-08-10 11:44:06] - 'Administrateur : x64 Native Tools Command Prompt for VS Insiders'
<LSHIFT>
[2026-08-10 11:44:06] - 'Administrateur : x64 Native Tools Command Prompt for VS Insiders'
p
[2026-08-10 11:44:07] - 'Administrateur : x64 Native Tools Command Prompt for VS Insiders'
<BACKSPACE>
[2026-08-10 11:44:07] - 'Administrateur : x64 Native Tools Command Prompt for VS Insiders'
<LSHIFT>
[2026-08-10 11:44:07] - 'Administrateur : x64 Native Tools Command Prompt for VS Insiders'
p
[2026-08-10 11:44:07] - 'Administrateur : x64 Native Tools Command Prompt for VS Insiders'
i
[2026-08-10 11:44:08] - 'Administrateur : x64 Native Tools Command Prompt for VS Insiders'
d
[2026-08-10 11:44:08] - 'Administrateur : x64 Native Tools Command Prompt for VS Insiders'
f
[2026-08-10 11:44:08] - 'Administrateur : x64 Native Tools Command Prompt for VS Insiders'
<BACKSPACE>
[2026-08-10 11:44:09] - 'Administrateur : x64 Native Tools Command Prompt for VS Insiders'
<SPACE>
[2026-08-10 11:44:11] - 'Administrateur : x64 Native Tools Command Prompt for VS Insiders'
9
[2026-08-10 11:44:11] - 'Administrateur : x64 Native Tools Command Prompt for VS Insiders'
2
[2026-08-10 11:44:13] - 'Administrateur : x64 Native Tools Command Prompt for VS Insiders'
8
[2026-08-10 11:44:13] - 'Administrateur : x64 Native Tools Command Prompt for VS Insiders'
4
[2026-08-10 11:44:13] - 'Administrateur : x64 Native Tools Command Prompt for VS Insiders'
<SPACE>
[2026-08-10 11:44:15] - 'Administrateur : x64 Native Tools Command Prompt for VS Insiders'
/
[2026-08-10 11:44:15] - 'Administrateur : x64 Native Tools Command Prompt for VS Insiders'
<LSHIFT>
[2026-08-10 11:44:15] - 'Administrateur : x64 Native Tools Command Prompt for VS Insiders'
f
[2026-08-10 11:44:16] - 'Administrateur : x64 Native Tools Command Prompt for VS Insiders'
<ENTER>
[2026-08-11 10:58:50] - 'Administrateur : x64 Native Tools Command Prompt for VS Insiders'
VK(35)
[2026-08-11 10:58:51] - 'Administrateur : x64 Native Tools Command Prompt for VS Insiders'
<UP>
[2026-08-11 10:58:52] - 'Administrateur : x64 Native Tools Command Prompt for VS Insiders'
<ENTER>
[2026-08-11 10:59:07] - 'capture.wav - keylogger-Wind - Visual Studio Code [Administrator]'
VK(175)
[2026-08-11 10:59:07] - 'capture.wav - keylogger-Wind - Visual Studio Code [Administrator]'
VK(174)
[2026-08-11 10:59:07] - 'capture.wav - keylogger-Wind - Visual Studio Code [Administrator]'
VK(174)
[2026-08-11 10:59:07] - 'capture.wav - keylogger-Wind - Visual Studio Code [Administrator]'
VK(174)
[2026-08-11 10:59:08] - 'capture.wav - keylogger-Wind - Visual Studio Code [Administrator]'
VK(174)
[2026-08-11 10:59:08] - 'capture.wav - keylogger-Wind - Visual Studio Code [Administrator]'
VK(174)
[2026-08-11 10:59:37] - 'capture.wav - keylogger-Wind - Visual Studio Code [Administrator]'
VK(175)
[2026-08-11 10:59:37] - 'capture.wav - keylogger-Wind - Visual Studio Code [Administrator]'
VK(175)
[2026-08-11 10:59:43] - 'capture.wav - keylogger-Wind - Visual Studio Code [Administrator]'
`
[2026-08-11 11:32:51] - 'Micro.c - keylogger-Wind - Visual Studio Code [Administrator]'
<BACKSPACE>
[2026-08-11 11:32:52] - 'Micro.c - keylogger-Wind - Visual Studio Code [Administrator]'
<DOWN>
[2026-08-11 11:32:52] - 'Micro.c - keylogger-Wind - Visual Studio Code [Administrator]'
<BACKSPACE>
[2026-08-11 11:32:56] - 'Sélection Administrateur : x64 Native Tools Command Prompt for VS Insiders'
c
[2026-08-11 11:32:56] - 'Administrateur : x64 Native Tools Command Prompt for VS Insiders'
l
[2026-08-11 11:32:56] - 'Administrateur : x64 Native Tools Command Prompt for VS Insiders'
s
[2026-08-11 11:32:56] - 'Administrateur : x64 Native Tools Command Prompt for VS Insiders'
<ENTER>
[2026-08-11 11:32:57] - 'Administrateur : x64 Native Tools Command Prompt for VS Insiders'
c
[2026-08-11 11:32:57] - 'Administrateur : x64 Native Tools Command Prompt for VS Insiders'
d
[2026-08-11 11:32:57] - 'Administrateur : x64 Native Tools Command Prompt for VS Insiders'
<SPACE>
[2026-08-11 11:32:57] - 'Administrateur : x64 Native Tools Command Prompt for VS Insiders'
.
[2026-08-11 11:32:57] - 'Administrateur : x64 Native Tools Command Prompt for VS Insiders'
.
[2026-08-11 11:32:57] - 'Administrateur : x64 Native Tools Command Prompt for VS Insiders'
<ENTER>
[2026-08-11 11:32:58] - 'Administrateur : x64 Native Tools Command Prompt for VS Insiders'
n
[2026-08-11 11:32:58] - 'Administrateur : x64 Native Tools Command Prompt for VS Insiders'
m
[2026-08-11 11:32:58] - 'Administrateur : x64 Native Tools Command Prompt for VS Insiders'
a
[2026-08-11 11:32:59] - 'Administrateur : x64 Native Tools Command Prompt for VS Insiders'
k
[2026-08-11 11:32:59] - 'Administrateur : x64 Native Tools Command Prompt for VS Insiders'
e
[2026-08-11 11:32:59] - 'Administrateur : x64 Native Tools Command Prompt for VS Insiders'
<SPACE>
[2026-08-11 11:33:00] - 'Administrateur : x64 Native Tools Command Prompt for VS Insiders'
r
[2026-08-11 11:33:00] - 'Administrateur : x64 Native Tools Command Prompt for VS Insiders'
e
[2026-08-11 11:33:00] - 'Administrateur : x64 Native Tools Command Prompt for VS Insiders'
<ENTER>
[2026-08-11 11:33:11] - 'Micro.c - keylogger-Wind - Visual Studio Code [Administrator]'
<LCTRL>
[2026-08-11 11:33:11] - 'Micro.c - keylogger-Wind - Visual Studio Code [Administrator]'
z
[2026-08-11 11:33:12] - 'Micro.c - keylogger-Wind - Visual Studio Code [Administrator]'
z
[2026-08-11 11:33:13] - 'Administrateur : x64 Native Tools Command Prompt for VS Insiders'
<UP>
[2026-08-11 11:33:14] - 'Administrateur : x64 Native Tools Command Prompt for VS Insiders'
<ENTER>
[2026-08-11 11:33:56] - 'Sélection Administrateur : x64 Native Tools Command Prompt for VS Insiders'
<UP>
[2026-08-11 11:33:57] - 'Administrateur : x64 Native Tools Command Prompt for VS Insiders'
<ENTER>
[2026-08-11 11:34:07] - 'Micro.c - keylogger-Wind - Visual Studio Code [Administrator]'
<BACKSPACE>
[2026-08-11 11:34:08] - 'Administrateur : x64 Native Tools Command Prompt for VS Insiders'
<UP>
[2026-08-11 11:34:08] - 'Administrateur : x64 Native Tools Command Prompt for VS Insiders'
<ENTER>
[2026-08-11 11:34:17] - 'Administrateur : x64 Native Tools Command Prompt for VS Insiders'
<DOWN>
[2026-08-11 11:34:18] - 'Micro.c - keylogger-Wind - Visual Studio Code [Administrator]'
<LEFT>
[2026-08-11 11:34:19] - 'Micro.c - keylogger-Wind - Visual Studio Code [Administrator]'
<LEFT>
[2026-08-11 11:34:19] - 'Micro.c - keylogger-Wind - Visual Studio Code [Administrator]'
<LEFT>
[2026-08-11 11:34:19] - 'Micro.c - keylogger-Wind - Visual Studio Code [Administrator]'
<UP>
[2026-08-11 11:34:19] - 'Micro.c - keylogger-Wind - Visual Studio Code [Administrator]'
<LEFT>
[2026-08-11 11:34:19] - 'Micro.c - keylogger-Wind - Visual Studio Code [Administrator]'
<LEFT>
[2026-08-11 11:34:19] - 'Micro.c - keylogger-Wind - Visual Studio Code [Administrator]'
<LEFT>
[2026-08-11 11:34:20] - 'Micro.c - keylogger-Wind - Visual Studio Code [Administrator]'
<LEFT>
[2026-08-11 11:34:20] - 'Micro.c - keylogger-Wind - Visual Studio Code [Administrator]'
<UP>
[2026-08-11 11:34:20] - 'Micro.c - keylogger-Wind - Visual Studio Code [Administrator]'
<LEFT>
[2026-08-11 11:34:20] - 'Micro.c - keylogger-Wind - Visual Studio Code [Administrator]'
<DOWN>
[2026-08-11 11:34:21] - 'Micro.c - keylogger-Wind - Visual Studio Code [Administrator]'
<BACKSPACE>
[2026-08-11 11:34:23] - 'Micro.c - keylogger-Wind - Visual Studio Code [Administrator]'
VK(91)
[2026-08-11 11:34:23] - 'Micro.c - keylogger-Wind - Visual Studio Code [Administrator]'
<UP>
[2026-08-11 11:34:24] - 'Micro.c - keylogger-Wind - Visual Studio Code [Administrator]'
<UP>
[2026-08-11 11:34:29] - 'Micro.c - keylogger-Wind - Visual Studio Code [Administrator]'
<LEFT>
[2026-08-11 11:34:30] - 'Micro.c - keylogger-Wind - Visual Studio Code [Administrator]'
<DOWN>
[2026-08-11 11:34:31] - 'Micro.c - keylogger-Wind - Visual Studio Code [Administrator]'
<LEFT>
[2026-08-11 11:34:31] - 'Micro.c - keylogger-Wind - Visual Studio Code [Administrator]'
<BACKSPACE>
[2026-08-11 11:34:34] - 'Micro.c - keylogger-Wind - Visual Studio Code [Administrator]'
<UP>
[2026-08-11 11:34:35] - 'Micro.c - keylogger-Wind - Visual Studio Code [Administrator]'
<UP>
[2026-08-11 11:34:35] - 'Micro.c - keylogger-Wind - Visual Studio Code [Administrator]'
<UP>
[2026-08-11 11:34:35] - 'Micro.c - keylogger-Wind - Visual Studio Code [Administrator]'
<LEFT>
[2026-08-11 11:34:35] - 'Micro.c - keylogger-Wind - Visual Studio Code [Administrator]'
<LEFT>
[2026-08-11 11:34:35] - 'Micro.c - keylogger-Wind - Visual Studio Code [Administrator]'
<LEFT>
[2026-08-11 11:34:36] - 'Micro.c - keylogger-Wind - Visual Studio Code [Administrator]'
<LEFT>
[2026-08-11 11:34:36] - 'Micro.c - keylogger-Wind - Visual Studio Code [Administrator]'
<LEFT>
[2026-08-11 11:34:36] - 'Micro.c - keylogger-Wind - Visual Studio Code [Administrator]'
<LEFT>
[2026-08-11 11:34:36] - 'Micro.c - keylogger-Wind - Visual Studio Code [Administrator]'
<LEFT>
[2026-08-11 11:34:36] - 'Micro.c - keylogger-Wind - Visual Studio Code [Administrator]'
<LEFT>
[2026-08-11 11:34:37] - 'Micro.c - keylogger-Wind - Visual Studio Code [Administrator]'
<BACKSPACE>
[2026-08-11 11:34:37] - 'Micro.c - keylogger-Wind - Visual Studio Code [Administrator]'
<BACKSPACE>
[2026-08-11 11:34:37] - 'Micro.c - keylogger-Wind - Visual Studio Code [Administrator]'
<LEFT>
[2026-08-11 11:34:38] - 'Micro.c - keylogger-Wind - Visual Studio Code [Administrator]'
<LEFT>
[2026-08-11 11:34:38] - 'Micro.c - keylogger-Wind - Visual Studio Code [Administrator]'
<LEFT>
[2026-08-11 11:34:38] - 'Micro.c - keylogger-Wind - Visual Studio Code [Administrator]'
<LEFT>
[2026-08-11 11:34:38] - 'Micro.c - keylogger-Wind - Visual Studio Code [Administrator]'
<LEFT>
[2026-08-11 11:34:38] - 'Micro.c - keylogger-Wind - Visual Studio Code [Administrator]'
<LEFT>
[2026-08-11 11:34:38] - 'Micro.c - keylogger-Wind - Visual Studio Code [Administrator]'
<LEFT>
[2026-08-11 11:34:38] - 'Micro.c - keylogger-Wind - Visual Studio Code [Administrator]'
<LEFT>
[2026-08-11 11:34:38] - 'Micro.c - keylogger-Wind - Visual Studio Code [Administrator]'
<LEFT>
[2026-08-11 11:34:38] - 'Micro.c - keylogger-Wind - Visual Studio Code [Administrator]'
<LEFT>
[2026-08-11 11:34:38] - 'Micro.c - keylogger-Wind - Visual Studio Code [Administrator]'
<LEFT>
[2026-08-11 11:34:38] - 'Micro.c - keylogger-Wind - Visual Studio Code [Administrator]'
<LEFT>
[2026-08-11 11:34:38] - 'Micro.c - keylogger-Wind - Visual Studio Code [Administrator]'
<LEFT>
[2026-08-11 11:34:38] - 'Micro.c - keylogger-Wind - Visual Studio Code [Administrator]'
<LEFT>
[2026-08-11 11:34:38] - 'Micro.c - keylogger-Wind - Visual Studio Code [Administrator]'
<LEFT>
[2026-08-11 11:34:38] - 'Micro.c - keylogger-Wind - Visual Studio Code [Administrator]'
<LEFT>
[2026-08-11 11:34:38] - 'Micro.c - keylogger-Wind - Visual Studio Code [Administrator]'
<LEFT>
[2026-08-11 11:34:38] - 'Micro.c - keylogger-Wind - Visual Studio Code [Administrator]'
<LEFT>
[2026-08-11 11:34:38] - 'Micro.c - keylogger-Wind - Visual Studio Code [Administrator]'
<LEFT>
[2026-08-11 11:34:38] - 'Micro.c - keylogger-Wind - Visual Studio Code [Administrator]'
<LEFT>
[2026-08-11 11:34:39] - 'Micro.c - keylogger-Wind - Visual Studio Code [Administrator]'
<LEFT>
[2026-08-11 11:34:39] - 'Micro.c - keylogger-Wind - Visual Studio Code [Administrator]'
<LEFT>
[2026-08-11 11:34:40] - 'Micro.c - keylogger-Wind - Visual Studio Code [Administrator]'
<DOWN>
[2026-08-11 11:34:40] - 'Micro.c - keylogger-Wind - Visual Studio Code [Administrator]'
<LEFT>
[2026-08-11 11:34:41] - 'Micro.c - keylogger-Wind - Visual Studio Code [Administrator]'
<LEFT>
[2026-08-11 11:34:41] - 'Micro.c - keylogger-Wind - Visual Studio Code [Administrator]'
<LEFT>
[2026-08-11 11:34:41] - 'Micro.c - keylogger-Wind - Visual Studio Code [Administrator]'
<BACKSPACE>
[2026-08-11 11:34:41] - 'Micro.c - keylogger-Wind - Visual Studio Code [Administrator]'
<BACKSPACE>
[2026-08-11 11:34:42] - 'Micro.c - keylogger-Wind - Visual Studio Code [Administrator]'
<SPACE>
[2026-08-11 11:34:42] - 'Micro.c - keylogger-Wind - Visual Studio Code [Administrator]'
<LEFT>
[2026-08-11 11:34:43] - 'Micro.c - keylogger-Wind - Visual Studio Code [Administrator]'
<DOWN>
[2026-08-11 11:34:44] - 'Micro.c - keylogger-Wind - Visual Studio Code [Administrator]'
VK(46)
[2026-08-11 11:34:44] - 'Micro.c - keylogger-Wind - Visual Studio Code [Administrator]'
VK(46)
[2026-08-11 11:34:45] - 'Micro.c - keylogger-Wind - Visual Studio Code [Administrator]'
VK(46)
[2026-08-11 11:34:45] - 'Micro.c - keylogger-Wind - Visual Studio Code [Administrator]'
VK(46)
[2026-08-11 11:34:45] - 'Micro.c - keylogger-Wind - Visual Studio Code [Administrator]'
VK(46)
[2026-08-11 11:34:46] - 'Micro.c - keylogger-Wind - Visual Studio Code [Administrator]'
<LEFT>
[2026-08-11 11:34:46] - 'Micro.c - keylogger-Wind - Visual Studio Code [Administrator]'
<LEFT>
[2026-08-11 11:34:47] - 'Micro.c - keylogger-Wind - Visual Studio Code [Administrator]'
<LEFT>
[2026-08-11 11:34:47] - 'Micro.c - keylogger-Wind - Visual Studio Code [Administrator]'
<LEFT>
[2026-08-11 11:34:47] - 'Micro.c - keylogger-Wind - Visual Studio Code [Administrator]'
<LEFT>
[2026-08-11 11:34:47] - 'Micro.c - keylogger-Wind - Visual Studio Code [Administrator]'
<LEFT>
[2026-08-11 11:34:47] - 'Micro.c - keylogger-Wind - Visual Studio Code [Administrator]'
<LEFT>
[2026-08-11 11:34:47] - 'Micro.c - keylogger-Wind - Visual Studio Code [Administrator]'
<LEFT>
[2026-08-11 11:34:47] - 'Micro.c - keylogger-Wind - Visual Studio Code [Administrator]'
<LEFT>
[2026-08-11 11:34:47] - 'Micro.c - keylogger-Wind - Visual Studio Code [Administrator]'
<LEFT>
[2026-08-11 11:34:47] - 'Micro.c - keylogger-Wind - Visual Studio Code [Administrator]'
<LEFT>
[2026-08-11 11:34:47] - 'Micro.c - keylogger-Wind - Visual Studio Code [Administrator]'
<LEFT>
[2026-08-11 11:34:47] - 'Micro.c - keylogger-Wind - Visual Studio Code [Administrator]'
<LEFT>
[2026-08-11 11:34:48] - 'Micro.c - keylogger-Wind - Visual Studio Code [Administrator]'
<LEFT>
[2026-08-11 11:34:48] - 'Micro.c - keylogger-Wind - Visual Studio Code [Administrator]'
<BACKSPACE>
[2026-08-11 11:34:48] - 'Micro.c - keylogger-Wind - Visual Studio Code [Administrator]'
<BACKSPACE>
[2026-08-11 11:34:49] - 'Micro.c - keylogger-Wind - Visual Studio Code [Administrator]'
<SPACE>
[2026-08-11 11:37:17] - 'hook.c - keylogger-Wind - Visual Studio Code [Administrator]'
<BACKSPACE>
[2026-08-11 11:37:18] - 'hook.c - keylogger-Wind - Visual Studio Code [Administrator]'
<LEFT>
[2026-08-11 11:37:18] - 'hook.c - keylogger-Wind - Visual Studio Code [Administrator]'
<LEFT>
[2026-08-11 11:37:18] - 'hook.c - keylogger-Wind - Visual Studio Code [Administrator]'
<LEFT>
[2026-08-11 11:37:18] - 'hook.c - keylogger-Wind - Visual Studio Code [Administrator]'
<LEFT>
[2026-08-11 11:37:18] - 'hook.c - keylogger-Wind - Visual Studio Code [Administrator]'
<LEFT>
[2026-08-11 11:37:18] - 'hook.c - keylogger-Wind - Visual Studio Code [Administrator]'
<LEFT>
[2026-08-11 11:37:18] - 'hook.c - keylogger-Wind - Visual Studio Code [Administrator]'
<LEFT>
[2026-08-11 11:37:18] - 'hook.c - keylogger-Wind - Visual Studio Code [Administrator]'
<LEFT>
[2026-08-11 11:37:18] - 'hook.c - keylogger-Wind - Visual Studio Code [Administrator]'
<LEFT>
[2026-08-11 11:37:18] - 'hook.c - keylogger-Wind - Visual Studio Code [Administrator]'
<LEFT>
[2026-08-11 11:37:18] - 'hook.c - keylogger-Wind - Visual Studio Code [Administrator]'
<LEFT>
[2026-08-11 11:37:18] - 'hook.c - keylogger-Wind - Visual Studio Code [Administrator]'
<LEFT>
[2026-08-11 11:37:19] - 'hook.c - keylogger-Wind - Visual Studio Code [Administrator]'
<LEFT>
[2026-08-11 11:37:19] - 'hook.c - keylogger-Wind - Visual Studio Code [Administrator]'
<LEFT>
[2026-08-11 11:37:19] - 'hook.c - keylogger-Wind - Visual Studio Code [Administrator]'
<LEFT>
[2026-08-11 11:37:19] - 'hook.c - keylogger-Wind - Visual Studio Code [Administrator]'
<BACKSPACE>
[2026-08-11 11:37:19] - 'hook.c - keylogger-Wind - Visual Studio Code [Administrator]'
<BACKSPACE>
[2026-08-11 11:37:25] - 'Sélection Administrateur : x64 Native Tools Command Prompt for VS Insiders'
c
[2026-08-11 11:37:25] - 'Administrateur : x64 Native Tools Command Prompt for VS Insiders'
l
[2026-08-11 11:37:25] - 'Administrateur : x64 Native Tools Command Prompt for VS Insiders'
s
[2026-08-11 11:37:25] - 'Administrateur : x64 Native Tools Command Prompt for VS Insiders'
<ENTER>
[2026-08-11 11:37:26] - 'Administrateur : x64 Native Tools Command Prompt for VS Insiders'
n
[2026-08-11 11:37:26] - 'Administrateur : x64 Native Tools Command Prompt for VS Insiders'
m
[2026-08-11 11:37:26] - 'Administrateur : x64 Native Tools Command Prompt for VS Insiders'
a
[2026-08-11 11:37:26] - 'Administrateur : x64 Native Tools Command Prompt for VS Insiders'
k
[2026-08-11 11:37:26] - 'Administrateur : x64 Native Tools Command Prompt for VS Insiders'
e
[2026-08-11 11:37:26] - 'Administrateur : x64 Native Tools Command Prompt for VS Insiders'
k
[2026-08-11 11:37:27] - 'Administrateur : x64 Native Tools Command Prompt for VS Insiders'
<BACKSPACE>
[2026-08-11 11:37:27] - 'Administrateur : x64 Native Tools Command Prompt for VS Insiders'
<SPACE>
[2026-08-11 11:37:28] - 'Administrateur : x64 Native Tools Command Prompt for VS Insiders'
r
[2026-08-11 11:37:28] - 'Administrateur : x64 Native Tools Command Prompt for VS Insiders'
e
[2026-08-11 11:37:28] - 'Administrateur : x64 Native Tools Command Prompt for VS Insiders'
<ENTER>
[2026-08-11 11:37:41] - 'Makefile - keylogger-Wind - Visual Studio Code [Administrator]'
<BACKSPACE>
[2026-08-11 11:37:45] - 'Makefile - keylogger-Wind - Visual Studio Code [Administrator]'
<BACKSPACE>
[2026-08-11 11:37:51] - 'Makefile - keylogger-Wind - Visual Studio Code [Administrator]'
<BACKSPACE>
[2026-08-11 11:37:52] - 'Makefile - keylogger-Wind - Visual Studio Code [Administrator]'
<BACKSPACE>
[2026-08-11 11:37:52] - 'Makefile - keylogger-Wind - Visual Studio Code [Administrator]'
<ENTER>
[2026-08-11 11:37:53] - 'Makefile - keylogger-Wind - Visual Studio Code [Administrator]'
<BACKSPACE>
[2026-08-11 11:37:55] - 'Administrateur : x64 Native Tools Command Prompt for VS Insiders'
<UP>
[2026-08-11 11:37:57] - 'Administrateur : x64 Native Tools Command Prompt for VS Insiders'
<ENTER>
[2026-08-11 11:38:03] - 'Administrateur : x64 Native Tools Command Prompt for VS Insiders'
c
[2026-08-11 11:38:03] - 'Administrateur : x64 Native Tools Command Prompt for VS Insiders'
l
[2026-08-11 11:38:03] - 'Administrateur : x64 Native Tools Command Prompt for VS Insiders'
s
[2026-08-11 11:38:03] - 'Administrateur : x64 Native Tools Command Prompt for VS Insiders'
<ENTER>
[2026-08-11 11:38:05] - 'Administrateur : x64 Native Tools Command Prompt for VS Insiders'
w
[2026-08-11 11:38:05] - 'Administrateur : x64 Native Tools Command Prompt for VS Insiders'
i
[2026-08-11 11:38:05] - 'Administrateur : x64 Native Tools Command Prompt for VS Insiders'
n
[2026-08-11 11:38:05] - 'Administrateur : x64 Native Tools Command Prompt for VS Insiders'
<TAB>
[2026-08-11 11:38:06] - 'Administrateur : x64 Native Tools Command Prompt for VS Insiders'
<ENTER>
[2026-08-11 11:38:10] - 'Administrateur : x64 Native Tools Command Prompt for VS Insiders - winkey.exe'
<SPACE>
[2026-08-11 11:38:11] - 'Administrateur : x64 Native Tools Command Prompt for VS Insiders - winkey.exe'
<SPACE>
[2026-08-11 11:38:16] - 'Administrateur : x64 Native Tools Command Prompt for VS Insiders - winkey.exe'
<F7>
[2026-08-11 11:38:17] - 'Administrateur : x64 Native Tools Command Prompt for VS Insiders - winkey.exe'
<F7>
[2026-08-11 11:38:18] - 'Administrateur : x64 Native Tools Command Prompt for VS Insiders - winkey.exe'
<F8>
[2026-08-11 11:38:20] - 'Administrateur : x64 Native Tools Command Prompt for VS Insiders - winkey.exe'
<F8>
[2026-08-11 11:38:21] - 'Administrateur : x64 Native Tools Command Prompt for VS Insiders - winkey.exe'
<F7>
[2026-08-11 11:38:21] - 'Administrateur : x64 Native Tools Command Prompt for VS Insiders - winkey.exe'
<F8>
[2026-08-11 11:38:22] - 'Administrateur : x64 Native Tools Command Prompt for VS Insiders - winkey.exe'
<ESC>
[2026-08-11 11:38:23] - 'Administrateur : x64 Native Tools Command Prompt for VS Insiders - winkey.exe'
<LCTRL>
[2026-08-11 11:38:24] - 'Administrateur : x64 Native Tools Command Prompt for VS Insiders - winkey.exe'
c
[2026-08-11 11:39:19] - 'Paramètres'
c
[2026-08-11 11:39:19] - 'Paramètres'
a
[2026-08-11 11:39:19] - 'Paramètres'
m
[2026-08-11 11:40:04] - 'Paramètres'
c
[2026-08-11 11:40:05] - 'Paramètres'
a
[2026-08-11 11:40:05] - 'Paramètres'
m
[2026-08-11 11:40:05] - 'Paramètres'
e
[2026-08-11 11:40:05] - 'Paramètres'
r
[2026-08-11 11:40:06] - 'Paramètres'
a
[2026-08-11 11:40:28] - 'Sélection Administrateur : x64 Native Tools Command Prompt for VS Insiders'
<BACKSPACE>
[2026-08-11 11:40:28] - 'Administrateur : x64 Native Tools Command Prompt for VS Insiders'
<BACKSPACE>
[2026-08-11 11:40:28] - 'Administrateur : x64 Native Tools Command Prompt for VS Insiders'
<BACKSPACE>
[2026-08-11 11:40:39] - 'Administrateur : x64 Native Tools Command Prompt for VS Insiders'
<UP>
[2026-08-11 11:40:48] - 'Administrateur : x64 Native Tools Command Prompt for VS Insiders'
<ENTER>
[2026-08-11 11:40:50] - 'Administrateur : x64 Native Tools Command Prompt for VS Insiders - winkey.exe'
<ESC>
[2026-08-11 11:40:50] - 'Administrateur : x64 Native Tools Command Prompt for VS Insiders - winkey.exe'
<SPACE>
[2026-08-11 11:40:50] - 'Administrateur : x64 Native Tools Command Prompt for VS Insiders - winkey.exe'
<LCTRL>
[2026-08-11 11:40:50] - 'Administrateur : x64 Native Tools Command Prompt for VS Insiders - winkey.exe'
c
[2026-08-11 11:42:00] - 'hook.c - keylogger-Wind - Visual Studio Code [Administrator]'
/
[2026-08-11 11:42:00] - 'hook.c - keylogger-Wind - Visual Studio Code [Administrator]'
/
[2026-08-11 11:42:14] - 'filter.c - keylogger-Wind - Visual Studio Code [Administrator]'
<ENTER>
[2026-08-11 11:42:15] - 'filter.c - keylogger-Wind - Visual Studio Code [Administrator]'
n
[2026-08-11 11:42:15] - 'filter.c - keylogger-Wind - Visual Studio Code [Administrator]'
o
[2026-08-11 11:42:15] - 'filter.c - keylogger-Wind - Visual Studio Code [Administrator]'
t
[2026-08-11 11:42:16] - 'filter.c - keylogger-Wind - Visual Studio Code [Administrator]'
e
[2026-08-11 11:42:17] - 'filter.c - keylogger-Wind - Visual Studio Code [Administrator]'
<BACKSPACE>
[2026-08-11 11:42:17] - 'filter.c - keylogger-Wind - Visual Studio Code [Administrator]'
<BACKSPACE>
[2026-08-11 11:42:17] - 'filter.c - keylogger-Wind - Visual Studio Code [Administrator]'
<BACKSPACE>
[2026-08-11 11:42:17] - 'filter.c - keylogger-Wind - Visual Studio Code [Administrator]'
<BACKSPACE>
[2026-08-11 11:42:18] - 'filter.c - keylogger-Wind - Visual Studio Code [Administrator]'
<LSHIFT>
[2026-08-11 11:42:18] - 'filter.c - keylogger-Wind - Visual Studio Code [Administrator]'
'
[2026-08-11 11:42:19] - 'filter.c - keylogger-Wind - Visual Studio Code [Administrator]'
n
[2026-08-11 11:42:19] - 'filter.c - keylogger-Wind - Visual Studio Code [Administrator]'
o
[2026-08-11 11:42:19] - 'filter.c - keylogger-Wind - Visual Studio Code [Administrator]'
t
[2026-08-11 11:42:19] - 'filter.c - keylogger-Wind - Visual Studio Code [Administrator]'
e
[2026-08-11 11:42:20] - 'filter.c - keylogger-Wind - Visual Studio Code [Administrator]'
p
[2026-08-11 11:42:20] - 'filter.c - keylogger-Wind - Visual Studio Code [Administrator]'
a
[2026-08-11 11:42:20] - 'filter.c - keylogger-Wind - Visual Studio Code [Administrator]'
d
[2026-08-11 11:42:21] - 'filter.c - keylogger-Wind - Visual Studio Code [Administrator]'
.
[2026-08-11 11:42:21] - 'filter.c - keylogger-Wind - Visual Studio Code [Administrator]'
e
[2026-08-11 11:42:21] - 'filter.c - keylogger-Wind - Visual Studio Code [Administrator]'
x
[2026-08-11 11:42:21] - 'filter.c - keylogger-Wind - Visual Studio Code [Administrator]'
s
[2026-08-11 11:42:21] - 'filter.c - keylogger-Wind - Visual Studio Code [Administrator]'
e
[2026-08-11 11:42:22] - 'filter.c - keylogger-Wind - Visual Studio Code [Administrator]'
<BACKSPACE>
[2026-08-11 11:42:22] - 'filter.c - keylogger-Wind - Visual Studio Code [Administrator]'
<BACKSPACE>
[2026-08-11 11:42:22] - 'filter.c - keylogger-Wind - Visual Studio Code [Administrator]'
e
[2026-08-11 11:43:26] - 'Sélection Administrateur : x64 Native Tools Command Prompt for VS Insiders'
<UP>
[2026-08-11 11:43:39] - 'Sélection Administrateur : x64 Native Tools Command Prompt for VS Insiders'
w
[2026-08-11 11:43:39] - 'Administrateur : x64 Native Tools Command Prompt for VS Insiders'
h
[2026-08-11 11:43:40] - 'Administrateur : x64 Native Tools Command Prompt for VS Insiders'
e
[2026-08-11 11:43:40] - 'Administrateur : x64 Native Tools Command Prompt for VS Insiders'
r
[2026-08-11 11:43:40] - 'Administrateur : x64 Native Tools Command Prompt for VS Insiders'
e
[2026-08-11 11:43:40] - 'Administrateur : x64 Native Tools Command Prompt for VS Insiders'
<SPACE>
[2026-08-11 11:43:41] - 'Administrateur : x64 Native Tools Command Prompt for VS Insiders'
p
[2026-08-11 11:43:41] - 'Administrateur : x64 Native Tools Command Prompt for VS Insiders'
o
[2026-08-11 11:43:42] - 'Administrateur : x64 Native Tools Command Prompt for VS Insiders'
w
[2026-08-11 11:43:42] - 'Administrateur : x64 Native Tools Command Prompt for VS Insiders'
e
[2026-08-11 11:43:42] - 'Administrateur : x64 Native Tools Command Prompt for VS Insiders'
r
[2026-08-11 11:43:43] - 'Administrateur : x64 Native Tools Command Prompt for VS Insiders'
s
[2026-08-11 11:43:43] - 'Administrateur : x64 Native Tools Command Prompt for VS Insiders'
h
[2026-08-11 11:43:43] - 'Administrateur : x64 Native Tools Command Prompt for VS Insiders'
e
[2026-08-11 11:43:44] - 'Administrateur : x64 Native Tools Command Prompt for VS Insiders'
l
[2026-08-11 11:43:44] - 'Administrateur : x64 Native Tools Command Prompt for VS Insiders'
l
[2026-08-11 11:43:44] - 'Administrateur : x64 Native Tools Command Prompt for VS Insiders'
<ENTER>
[2026-08-11 11:43:48] - 'Sélection Administrateur : x64 Native Tools Command Prompt for VS Insiders'
<LCTRL>
[2026-08-11 11:43:48] - 'Sélection Administrateur : x64 Native Tools Command Prompt for VS Insiders'
c
[2026-08-11 11:43:53] - 'filter.c - keylogger-Wind - Visual Studio Code [Administrator]'
,
[CLIPBOARD] powershell.exe
[2026-08-11 11:43:54] - 'filter.c - keylogger-Wind - Visual Studio Code [Administrator]'
<ENTER>
[2026-08-11 11:43:55] - 'filter.c - keylogger-Wind - Visual Studio Code [Administrator]'
<LCTRL>
[2026-08-11 11:43:56] - 'filter.c - keylogger-Wind - Visual Studio Code [Administrator]'
<LSHIFT>
[2026-08-11 11:43:56] - 'filter.c - keylogger-Wind - Visual Studio Code [Administrator]'
'
[2026-08-11 11:43:56] - 'filter.c - keylogger-Wind - Visual Studio Code [Administrator]'
<LCTRL>
[2026-08-11 11:43:57] - 'filter.c - keylogger-Wind - Visual Studio Code [Administrator]'
v
[2026-08-11 11:43:59] - 'filter.c - keylogger-Wind - Visual Studio Code [Administrator]'
<RIGHT>
[2026-08-11 11:44:00] - 'filter.c - keylogger-Wind - Visual Studio Code [Administrator]'
,
[2026-08-11 11:44:04] - 'Administrateur : x64 Native Tools Command Prompt for VS Insiders'
<BACKSPACE>
[2026-08-11 11:44:05] - 'Administrateur : x64 Native Tools Command Prompt for VS Insiders'
<BACKSPACE>
[2026-08-11 11:44:05] - 'Administrateur : x64 Native Tools Command Prompt for VS Insiders'
<BACKSPACE>
[2026-08-11 11:44:05] - 'Administrateur : x64 Native Tools Command Prompt for VS Insiders'
<BACKSPACE>
[2026-08-11 11:44:05] - 'Administrateur : x64 Native Tools Command Prompt for VS Insiders'
<BACKSPACE>
[2026-08-11 11:44:05] - 'Administrateur : x64 Native Tools Command Prompt for VS Insiders'
<BACKSPACE>
[2026-08-11 11:44:05] - 'Administrateur : x64 Native Tools Command Prompt for VS Insiders'
<BACKSPACE>
[2026-08-11 11:44:05] - 'Administrateur : x64 Native Tools Command Prompt for VS Insiders'
<BACKSPACE>
[2026-08-11 11:44:05] - 'Administrateur : x64 Native Tools Command Prompt for VS Insiders'
<BACKSPACE>
[2026-08-11 11:44:05] - 'Administrateur : x64 Native Tools Command Prompt for VS Insiders'
<BACKSPACE>
[2026-08-11 11:44:05] - 'Administrateur : x64 Native Tools Command Prompt for VS Insiders'
<BACKSPACE>
[2026-08-11 11:44:05] - 'Administrateur : x64 Native Tools Command Prompt for VS Insiders'
<BACKSPACE>
[2026-08-11 11:44:05] - 'Administrateur : x64 Native Tools Command Prompt for VS Insiders'
<BACKSPACE>
[2026-08-11 11:44:06] - 'Administrateur : x64 Native Tools Command Prompt for VS Insiders'
<BACKSPACE>
[2026-08-11 11:44:06] - 'Administrateur : x64 Native Tools Command Prompt for VS Insiders'
n
[2026-08-11 11:44:06] - 'Administrateur : x64 Native Tools Command Prompt for VS Insiders'
a
[2026-08-11 11:44:06] - 'Administrateur : x64 Native Tools Command Prompt for VS Insiders'
m
[2026-08-11 11:44:07] - 'Administrateur : x64 Native Tools Command Prompt for VS Insiders'
<BACKSPACE>
[2026-08-11 11:44:07] - 'Administrateur : x64 Native Tools Command Prompt for VS Insiders'
<BACKSPACE>
[2026-08-11 11:44:07] - 'Administrateur : x64 Native Tools Command Prompt for VS Insiders'
m
[2026-08-11 11:44:08] - 'Administrateur : x64 Native Tools Command Prompt for VS Insiders'
k
[2026-08-11 11:44:08] - 'Administrateur : x64 Native Tools Command Prompt for VS Insiders'
e
[2026-08-11 11:44:08] - 'Administrateur : x64 Native Tools Command Prompt for VS Insiders'
<BACKSPACE>
[2026-08-11 11:44:08] - 'Administrateur : x64 Native Tools Command Prompt for VS Insiders'
<BACKSPACE>
[2026-08-11 11:44:08] - 'Administrateur : x64 Native Tools Command Prompt for VS Insiders'
e
[2026-08-11 11:44:08] - 'Administrateur : x64 Native Tools Command Prompt for VS Insiders'
k
[2026-08-11 11:44:09] - 'Administrateur : x64 Native Tools Command Prompt for VS Insiders'
<BACKSPACE>
[2026-08-11 11:44:09] - 'Administrateur : x64 Native Tools Command Prompt for VS Insiders'
<BACKSPACE>
[2026-08-11 11:44:09] - 'Administrateur : x64 Native Tools Command Prompt for VS Insiders'
a
[2026-08-11 11:44:09] - 'Administrateur : x64 Native Tools Command Prompt for VS Insiders'
k
[2026-08-11 11:44:09] - 'Administrateur : x64 Native Tools Command Prompt for VS Insiders'
e
[2026-08-11 11:44:09] - 'Administrateur : x64 Native Tools Command Prompt for VS Insiders'
<SPACE>
[2026-08-11 11:44:09] - 'Administrateur : x64 Native Tools Command Prompt for VS Insiders'
r
[2026-08-11 11:44:09] - 'Administrateur : x64 Native Tools Command Prompt for VS Insiders'
e
[2026-08-11 11:44:10] - 'Administrateur : x64 Native Tools Command Prompt for VS Insiders'
<ENTER>
[2026-08-11 11:44:16] - 'Administrateur : x64 Native Tools Command Prompt for VS Insiders'
c
[2026-08-11 11:44:16] - 'Administrateur : x64 Native Tools Command Prompt for VS Insiders'
l
[2026-08-11 11:44:16] - 'Administrateur : x64 Native Tools Command Prompt for VS Insiders'
s
[2026-08-11 11:44:16] - 'Administrateur : x64 Native Tools Command Prompt for VS Insiders'
<ENTER>
[2026-08-11 11:44:18] - 'Administrateur : x64 Native Tools Command Prompt for VS Insiders'
w
[2026-08-11 11:44:18] - 'Administrateur : x64 Native Tools Command Prompt for VS Insiders'
i
[2026-08-11 11:44:18] - 'Administrateur : x64 Native Tools Command Prompt for VS Insiders'
n
[2026-08-11 11:44:19] - 'Administrateur : x64 Native Tools Command Prompt for VS Insiders'
<TAB>
[2026-08-11 11:44:21] - 'Administrateur : x64 Native Tools Command Prompt for VS Insiders'
<ENTER>
[2026-08-11 11:44:22] - 'Administrateur : x64 Native Tools Command Prompt for VS Insiders - winkey.exe'
<SPACE>
[2026-08-11 11:44:23] - 'Administrateur : x64 Native Tools Command Prompt for VS Insiders - winkey.exe'
<SPACE>
[2026-08-11 11:44:35] - 'Administrateur : x64 Native Tools Command Prompt for VS Insiders'
<SPACE>
[2026-08-11 11:44:45] - 'Administrateur : Windows PowerShell'
VK(174)
[2026-08-11 11:44:45] - 'Administrateur : Windows PowerShell'
VK(174)
[2026-08-11 11:44:45] - 'Administrateur : Windows PowerShell'
VK(174)
[2026-08-11 11:44:45] - 'Administrateur : Windows PowerShell'
VK(174)
[2026-08-11 11:44:45] - 'Administrateur : Windows PowerShell'
VK(174)
[2026-08-11 11:44:45] - 'Administrateur : Windows PowerShell'
VK(174)
[2026-08-11 11:44:45] - 'Administrateur : Windows PowerShell'
VK(174)
[2026-08-11 11:44:45] - 'Administrateur : Windows PowerShell'
VK(174)
[2026-08-11 11:44:45] - 'Administrateur : Windows PowerShell'
VK(174)
[2026-08-11 11:44:45] - 'Administrateur : Windows PowerShell'
VK(174)
[2026-08-11 11:44:45] - 'Administrateur : Windows PowerShell'
VK(174)
[2026-08-11 11:44:45] - 'Administrateur : Windows PowerShell'
VK(174)
[2026-08-11 11:44:45] - 'Administrateur : Windows PowerShell'
VK(174)
[2026-08-11 11:44:45] - 'Administrateur : Windows PowerShell'
VK(174)
[2026-08-11 11:44:52] - 'Sélection Administrateur : Windows PowerShell'
<SPACE>
[2026-08-11 11:44:53] - 'Administrateur : Windows PowerShell'
<SPACE>
[2026-08-11 11:44:54] - 'Administrateur : Windows PowerShell'
<SPACE>
[2026-08-11 11:44:54] - 'Sélection Administrateur : Windows PowerShell'
<SPACE>
[2026-08-11 11:44:55] - 'Administrateur : Windows PowerShell'
<SPACE>
[2026-08-11 11:44:55] - 'Administrateur : Windows PowerShell'
<SPACE>
[2026-08-11 11:44:55] - 'Administrateur : Windows PowerShell'
<SPACE>
[2026-08-11 11:44:55] - 'Administrateur : Windows PowerShell'
<SPACE>
[2026-08-11 11:44:55] - 'Administrateur : Windows PowerShell'
<SPACE>
[2026-08-11 11:44:55] - 'Administrateur : Windows PowerShell'
<SPACE>
[2026-08-11 11:44:56] - 'Administrateur : Windows PowerShell'
<SPACE>
[2026-08-11 11:44:56] - 'Administrateur : Windows PowerShell'
<SPACE>
[2026-08-11 11:44:59] - 'Sélection Administrateur : x64 Native Tools Command Prompt for VS Insiders'
<DOWN>
[2026-08-11 11:45:01] - 'Administrateur : x64 Native Tools Command Prompt for VS Insiders'
<SPACE>
[2026-08-11 11:45:03] - 'Administrateur : x64 Native Tools Command Prompt for VS Insiders'
<SPACE>
[2026-08-11 11:45:03] - 'Administrateur : x64 Native Tools Command Prompt for VS Insiders'
<SPACE>
[2026-08-11 11:45:03] - 'Administrateur : x64 Native Tools Command Prompt for VS Insiders'
<SPACE>
[2026-08-11 11:46:47] - 'Sélection Administrateur : x64 Native Tools Command Prompt for VS Insiders'
<BACKSPACE>
[2026-08-11 11:46:47] - 'Administrateur : x64 Native Tools Command Prompt for VS Insiders'
<BACKSPACE>
[2026-08-11 11:46:47] - 'Administrateur : x64 Native Tools Command Prompt for VS Insiders'
<BACKSPACE>
[2026-08-11 11:46:47] - 'Administrateur : x64 Native Tools Command Prompt for VS Insiders'
<BACKSPACE>
[2026-08-11 11:46:47] - 'Administrateur : x64 Native Tools Command Prompt for VS Insiders'
<BACKSPACE>
[2026-08-11 11:46:48] - 'Administrateur : x64 Native Tools Command Prompt for VS Insiders'
<BACKSPACE>
[2026-08-11 11:46:53] - 'Sélection Administrateur : x64 Native Tools Command Prompt for VS Insiders'
e
[2026-08-11 11:46:53] - 'Administrateur : x64 Native Tools Command Prompt for VS Insiders'
t
[2026-08-11 11:46:53] - 'Administrateur : x64 Native Tools Command Prompt for VS Insiders'
h
[2026-08-11 11:46:54] - 'Administrateur : x64 Native Tools Command Prompt for VS Insiders'
a
[2026-08-11 11:46:54] - 'Administrateur : x64 Native Tools Command Prompt for VS Insiders'
n
[2026-08-11 11:46:54] - 'Administrateur : x64 Native Tools Command Prompt for VS Insiders'
<SPACE>
[2026-08-11 11:46:54] - 'Administrateur : x64 Native Tools Command Prompt for VS Insiders'
k
[2026-08-11 11:46:54] - 'Administrateur : x64 Native Tools Command Prompt for VS Insiders'
e
[2026-08-11 11:46:55] - 'Administrateur : x64 Native Tools Command Prompt for VS Insiders'
<BACKSPACE>
[2026-08-11 11:46:55] - 'Administrateur : x64 Native Tools Command Prompt for VS Insiders'
<BACKSPACE>
[2026-08-11 11:46:55] - 'Administrateur : x64 Native Tools Command Prompt for VS Insiders'
j
[2026-08-11 11:46:55] - 'Administrateur : x64 Native Tools Command Prompt for VS Insiders'
e
[2026-08-11 11:46:55] - 'Administrateur : x64 Native Tools Command Prompt for VS Insiders'
<SPACE>
[2026-08-11 11:46:56] - 'Administrateur : x64 Native Tools Command Prompt for VS Insiders'
t
[2026-08-11 11:46:56] - 'Administrateur : x64 Native Tools Command Prompt for VS Insiders'
'
[2026-08-11 11:46:56] - 'Administrateur : x64 Native Tools Command Prompt for VS Insiders'
a
[2026-08-11 11:46:57] - 'Administrateur : x64 Native Tools Command Prompt for VS Insiders'
i
[2026-08-11 11:46:57] - 'Administrateur : x64 Native Tools Command Prompt for VS Insiders'
m
[2026-08-11 11:46:57] - 'Administrateur : x64 Native Tools Command Prompt for VS Insiders'
e
[2026-08-11 11:46:57] - 'Administrateur : x64 Native Tools Command Prompt for VS Insiders'
<SPACE>
[2026-08-11 11:47:00] - 'Sélection Administrateur : x64 Native Tools Command Prompt for VS Insiders'
<LCTRL>
[2026-08-11 11:47:00] - 'Sélection Administrateur : x64 Native Tools Command Prompt for VS Insiders'
c
[2026-08-11 11:47:01] - 'Administrateur : x64 Native Tools Command Prompt for VS Insiders'
<BACKSPACE>
[CLIPBOARD] >ethan je t'aime
[2026-08-11 11:47:01] - 'Administrateur : x64 Native Tools Command Prompt for VS Insiders'
<BACKSPACE>
[2026-08-11 11:47:01] - 'Administrateur : x64 Native Tools Command Prompt for VS Insiders'
<BACKSPACE>
[2026-08-11 11:47:02] - 'Administrateur : x64 Native Tools Command Prompt for VS Insiders'
<BACKSPACE>
[2026-08-11 11:47:02] - 'Administrateur : x64 Native Tools Command Prompt for VS Insiders'
<BACKSPACE>
[2026-08-11 11:47:02] - 'Administrateur : x64 Native Tools Command Prompt for VS Insiders'
<BACKSPACE>
[2026-08-11 11:47:02] - 'Administrateur : x64 Native Tools Command Prompt for VS Insiders'
<BACKSPACE>
[2026-08-11 11:47:02] - 'Administrateur : x64 Native Tools Command Prompt for VS Insiders'
<BACKSPACE>
[2026-08-11 11:47:02] - 'Administrateur : x64 Native Tools Command Prompt for VS Insiders'
<BACKSPACE>
[2026-08-11 11:47:02] - 'Administrateur : x64 Native Tools Command Prompt for VS Insiders'
<BACKSPACE>
[2026-08-11 11:47:02] - 'Administrateur : x64 Native Tools Command Prompt for VS Insiders'
<BACKSPACE>
[2026-08-11 11:47:02] - 'Administrateur : x64 Native Tools Command Prompt for VS Insiders'
<BACKSPACE>
[2026-08-11 11:47:02] - 'Administrateur : x64 Native Tools Command Prompt for VS Insiders'
<BACKSPACE>
[2026-08-11 11:47:02] - 'Administrateur : x64 Native Tools Command Prompt for VS Insiders'
<BACKSPACE>
[2026-08-11 11:47:03] - 'Administrateur : x64 Native Tools Command Prompt for VS Insiders'
<BACKSPACE>
[2026-08-11 11:47:03] - 'Administrateur : x64 Native Tools Command Prompt for VS Insiders'
<BACKSPACE>
[2026-08-11 11:47:03] - 'Administrateur : x64 Native Tools Command Prompt for VS Insiders'
<BACKSPACE>
[2026-08-11 11:47:03] - 'Administrateur : x64 Native Tools Command Prompt for VS Insiders'
<BACKSPACE>
[2026-08-11 11:47:03] - 'Administrateur : x64 Native Tools Command Prompt for VS Insiders'
<BACKSPACE>
[2026-08-11 11:47:03] - 'Administrateur : x64 Native Tools Command Prompt for VS Insiders'
<BACKSPACE>
[2026-08-11 11:47:03] - 'Administrateur : x64 Native Tools Command Prompt for VS Insiders'
<BACKSPACE>
[2026-08-11 11:47:03] - 'Administrateur : x64 Native Tools Command Prompt for VS Insiders'
<BACKSPACE>
[2026-08-11 11:47:03] - 'Administrateur : x64 Native Tools Command Prompt for VS Insiders'
<BACKSPACE>
[2026-08-11 11:47:03] - 'Administrateur : x64 Native Tools Command Prompt for VS Insiders'
<BACKSPACE>
[2026-08-11 11:47:03] - 'Administrateur : x64 Native Tools Command Prompt for VS Insiders'
<BACKSPACE>
[2026-08-11 11:47:03] - 'Administrateur : x64 Native Tools Command Prompt for VS Insiders'
<BACKSPACE>
[2026-08-11 11:47:03] - 'Administrateur : x64 Native Tools Command Prompt for VS Insiders'
<BACKSPACE>
[2026-08-11 11:47:03] - 'Administrateur : x64 Native Tools Command Prompt for VS Insiders'
<BACKSPACE>
[2026-08-11 11:47:03] - 'Administrateur : x64 Native Tools Command Prompt for VS Insiders'
<BACKSPACE>
[2026-08-11 11:47:04] - 'Administrateur : x64 Native Tools Command Prompt for VS Insiders'
<BACKSPACE>
[2026-08-11 11:47:04] - 'Administrateur : x64 Native Tools Command Prompt for VS Insiders'
<BACKSPACE>
[2026-08-11 11:47:04] - 'Administrateur : x64 Native Tools Command Prompt for VS Insiders'
<BACKSPACE>
[2026-08-11 11:47:04] - 'Administrateur : x64 Native Tools Command Prompt for VS Insiders'
<BACKSPACE>
[2026-08-11 11:47:04] - 'Administrateur : x64 Native Tools Command Prompt for VS Insiders'
<BACKSPACE>
[2026-08-11 11:47:04] - 'Administrateur : x64 Native Tools Command Prompt for VS Insiders'
<BACKSPACE>
[2026-08-11 11:47:07] - 'Sélection Administrateur : x64 Native Tools Command Prompt for VS Insiders'
<LCTRL>
[2026-08-11 11:47:07] - 'Sélection Administrateur : x64 Native Tools Command Prompt for VS Insiders'
v
[2026-08-11 11:47:10] - 'Administrateur : x64 Native Tools Command Prompt for VS Insiders'
<LCTRL>
[2026-08-11 11:47:10] - 'Administrateur : x64 Native Tools Command Prompt for VS Insiders'
v
[2026-08-11 11:47:16] - 'Sélection Administrateur : x64 Native Tools Command Prompt for VS Insiders'
<LCTRL>
[2026-08-11 11:47:16] - 'Sélection Administrateur : x64 Native Tools Command Prompt for VS Insiders'
c
[2026-08-11 11:47:19] - 'Sélection Administrateur : x64 Native Tools Command Prompt for VS Insiders'
<SPACE>
[CLIPBOARD] ethan je t'aime
[2026-08-11 11:47:20] - 'Administrateur : x64 Native Tools Command Prompt for VS Insiders'
<SPACE>
[2026-08-11 11:48:00] - 'winkey.log - keylogger-Wind - Visual Studio Code [Administrator]'
VK(91)
[2026-08-11 11:48:00] - 'winkey.log - keylogger-Wind - Visual Studio Code [Administrator]'
<RIGHT>
[2026-08-11 11:48:03] - 'Administrateur : x64 Native Tools Command Prompt for VS Insiders - winkey.exe'
<LCTRL>
[2026-08-11 11:48:03] - 'Administrateur : x64 Native Tools Command Prompt for VS Insiders - winkey.exe'
<LCTRL>
[2026-08-11 11:48:04] - 'Administrateur : x64 Native Tools Command Prompt for VS Insiders - winkey.exe'
c
[2026-08-11 11:49:25] - 'filter.c - keylogger-Wind - Visual Studio Code [Administrator]'
<ENTER>
[2026-08-11 11:49:26] - 'filter.c - keylogger-Wind - Visual Studio Code [Administrator]'
c
[2026-08-11 11:49:27] - 'filter.c - keylogger-Wind - Visual Studio Code [Administrator]'
h
[2026-08-11 11:49:27] - 'filter.c - keylogger-Wind - Visual Studio Code [Administrator]'
a
[2026-08-11 11:49:27] - 'filter.c - keylogger-Wind - Visual Studio Code [Administrator]'
r
[2026-08-11 11:49:27] - 'filter.c - keylogger-Wind - Visual Studio Code [Administrator]'
<SPACE>
[2026-08-11 11:49:28] - 'filter.c - keylogger-Wind - Visual Studio Code [Administrator]'
<LSHIFT>
[2026-08-11 11:49:28] - 'filter.c - keylogger-Wind - Visual Studio Code [Administrator]'
8
[2026-08-11 11:49:28] - 'filter.c - keylogger-Wind - Visual Studio Code [Administrator]'
7
[2026-08-11 11:49:29] - 'filter.c - keylogger-Wind - Visual Studio Code [Administrator]'
<BACKSPACE>
[2026-08-11 11:49:32] - 'filter.c - keylogger-Wind - Visual Studio Code [Administrator]'
b
[2026-08-11 11:49:32] - 'filter.c - keylogger-Wind - Visual Studio Code [Administrator]'
l
[2026-08-11 11:49:32] - 'filter.c - keylogger-Wind - Visual Studio Code [Administrator]'
a
[2026-08-11 11:49:33] - 'filter.c - keylogger-Wind - Visual Studio Code [Administrator]'
c
[2026-08-11 11:49:33] - 'filter.c - keylogger-Wind - Visual Studio Code [Administrator]'
k
[2026-08-11 11:49:34] - 'filter.c - keylogger-Wind - Visual Studio Code [Administrator]'
l
[2026-08-11 11:49:34] - 'filter.c - keylogger-Wind - Visual Studio Code [Administrator]'
i
[2026-08-11 11:49:34] - 'filter.c - keylogger-Wind - Visual Studio Code [Administrator]'
s
[2026-08-11 11:49:34] - 'filter.c - keylogger-Wind - Visual Studio Code [Administrator]'
t
[2026-08-11 11:49:35] - 'filter.c - keylogger-Wind - Visual Studio Code [Administrator]'
<LSHIFT>
[2026-08-11 11:49:35] - 'filter.c - keylogger-Wind - Visual Studio Code [Administrator]'
-
[2026-08-11 11:49:35] - 'filter.c - keylogger-Wind - Visual Studio Code [Administrator]'
u
[2026-08-11 11:49:35] - 'filter.c - keylogger-Wind - Visual Studio Code [Administrator]'
s
[2026-08-11 11:49:35] - 'filter.c - keylogger-Wind - Visual Studio Code [Administrator]'
e
[2026-08-11 11:49:36] - 'filter.c - keylogger-Wind - Visual Studio Code [Administrator]'
r
[2026-08-11 11:49:36] - 'filter.c - keylogger-Wind - Visual Studio Code [Administrator]'
<SPACE>
[2026-08-11 11:49:36] - 'filter.c - keylogger-Wind - Visual Studio Code [Administrator]'
<BACKSPACE>
[2026-08-11 11:49:37] - 'filter.c - keylogger-Wind - Visual Studio Code [Administrator]'
[
[2026-08-11 11:49:37] - 'filter.c - keylogger-Wind - Visual Studio Code [Administrator]'
<RIGHT>
[2026-08-11 11:49:39] - 'filter.c - keylogger-Wind - Visual Studio Code [Administrator]'
<SPACE>
[2026-08-11 11:49:39] - 'filter.c - keylogger-Wind - Visual Studio Code [Administrator]'
<BACKSPACE>
[2026-08-11 11:49:39] - 'filter.c - keylogger-Wind - Visual Studio Code [Administrator]'
<SPACE>
[2026-08-11 11:49:40] - 'filter.c - keylogger-Wind - Visual Studio Code [Administrator]'
<ENTER>
[2026-08-11 11:49:40] - 'filter.c - keylogger-Wind - Visual Studio Code [Administrator]'
<LSHIFT>
[2026-08-11 11:49:40] - 'filter.c - keylogger-Wind - Visual Studio Code [Administrator]'
[
[2026-08-11 11:49:40] - 'filter.c - keylogger-Wind - Visual Studio Code [Administrator]'
<ENTER>
[2026-08-11 11:49:41] - 'filter.c - keylogger-Wind - Visual Studio Code [Administrator]'
<DOWN>
[2026-08-11 11:49:42] - 'filter.c - keylogger-Wind - Visual Studio Code [Administrator]'
;
[2026-08-11 11:49:42] - 'filter.c - keylogger-Wind - Visual Studio Code [Administrator]'
<UP>
[2026-08-11 11:49:43] - 'filter.c - keylogger-Wind - Visual Studio Code [Administrator]'
<BACKSPACE>
[2026-08-11 11:49:44] - 'filter.c - keylogger-Wind - Visual Studio Code [Administrator]'
<ENTER>
[2026-08-11 12:11:29] - 'filter.c - keylogger-Wind - Visual Studio Code [Administrator]'
<BACKSPACE>
[2026-08-11 12:11:29] - 'filter.c - keylogger-Wind - Visual Studio Code [Administrator]'
<BACKSPACE>
[2026-08-11 12:11:30] - 'filter.c - keylogger-Wind - Visual Studio Code [Administrator]'
<BACKSPACE>
[2026-08-11 12:11:31] - 'filter.c - keylogger-Wind - Visual Studio Code [Administrator]'
<LCTRL>
[2026-08-11 12:11:31] - 'filter.c - keylogger-Wind - Visual Studio Code [Administrator]'
z
[2026-08-11 12:12:03] - 'filter.c - keylogger-Wind - Visual Studio Code [Administrator]'
<TAB>
[2026-08-11 12:12:04] - 'filter.c - keylogger-Wind - Visual Studio Code [Administrator]'
<LSHIFT>
[2026-08-11 12:12:04] - 'filter.c - keylogger-Wind - Visual Studio Code [Administrator]'
'
[2026-08-11 12:12:06] - 'filter.c - keylogger-Wind - Visual Studio Code [Administrator]'
<RIGHT>
[2026-08-11 12:12:07] - 'filter.c - keylogger-Wind - Visual Studio Code [Administrator]'
<LEFT>
[2026-08-11 12:12:44] - 'Sélection Windows PowerShell'
w
[2026-08-11 12:12:44] - 'Windows PowerShell'
h
[2026-08-11 12:12:44] - 'Windows PowerShell'
o
[2026-08-11 12:12:45] - 'Windows PowerShell'
a
[2026-08-11 12:12:45] - 'Windows PowerShell'
m
[2026-08-11 12:12:45] - 'Windows PowerShell'
i
[2026-08-11 12:12:45] - 'Windows PowerShell'
<ENTER>
[2026-08-11 12:12:48] - 'Administrateur : Windows PowerShell'
w
[2026-08-11 12:12:48] - 'Administrateur : Windows PowerShell'
h
[2026-08-11 12:12:48] - 'Administrateur : Windows PowerShell'
o
[2026-08-11 12:12:48] - 'Administrateur : Windows PowerShell'
a
[2026-08-11 12:12:48] - 'Administrateur : Windows PowerShell'
m
[2026-08-11 12:12:49] - 'Administrateur : Windows PowerShell'
o
[2026-08-11 12:12:49] - 'Administrateur : Windows PowerShell'
<BACKSPACE>
[2026-08-11 12:12:49] - 'Administrateur : Windows PowerShell'
i
[2026-08-11 12:12:50] - 'Administrateur : Windows PowerShell'
<ENTER>
[2026-08-11 12:13:38] - 'filter.c - keylogger-Wind - Visual Studio Code [Administrator]'
m
[2026-08-11 12:13:38] - 'filter.c - keylogger-Wind - Visual Studio Code [Administrator]'
a
[2026-08-11 12:13:38] - 'filter.c - keylogger-Wind - Visual Studio Code [Administrator]'
r
[2026-08-11 12:13:38] - 'filter.c - keylogger-Wind - Visual Studio Code [Administrator]'
c
[2026-08-11 12:13:38] - 'filter.c - keylogger-Wind - Visual Studio Code [Administrator]'
c
[2026-08-11 12:13:39] - 'filter.c - keylogger-Wind - Visual Studio Code [Administrator]'
<RIGHT>
[2026-08-11 12:13:40] - 'filter.c - keylogger-Wind - Visual Studio Code [Administrator]'
;
[2026-08-11 12:13:40] - 'filter.c - keylogger-Wind - Visual Studio Code [Administrator]'
<BACKSPACE>
[2026-08-11 12:13:41] - 'filter.c - keylogger-Wind - Visual Studio Code [Administrator]'
.
[2026-08-11 12:13:41] - 'filter.c - keylogger-Wind - Visual Studio Code [Administrator]'
<ENTER>
[2026-08-11 12:13:41] - 'filter.c - keylogger-Wind - Visual Studio Code [Administrator]'
<BACKSPACE>
[2026-08-11 12:13:41] - 'filter.c - keylogger-Wind - Visual Studio Code [Administrator]'
<BACKSPACE>
[2026-08-11 12:13:42] - 'filter.c - keylogger-Wind - Visual Studio Code [Administrator]'
<BACKSPACE>
[2026-08-11 12:13:42] - 'filter.c - keylogger-Wind - Visual Studio Code [Administrator]'
<BACKSPACE>
[2026-08-11 12:13:42] - 'filter.c - keylogger-Wind - Visual Studio Code [Administrator]'
,
[2026-08-11 12:13:43] - 'filter.c - keylogger-Wind - Visual Studio Code [Administrator]'
<ENTER>
[2026-08-11 12:13:43] - 'filter.c - keylogger-Wind - Visual Studio Code [Administrator]'
<LSHIFT>
[2026-08-11 12:13:43] - 'filter.c - keylogger-Wind - Visual Studio Code [Administrator]'
n
[2026-08-11 12:13:43] - 'filter.c - keylogger-Wind - Visual Studio Code [Administrator]'
u
[2026-08-11 12:13:44] - 'filter.c - keylogger-Wind - Visual Studio Code [Administrator]'
<TAB>
[2026-08-11 12:13:49] - 'filter.c - keylogger-Wind - Visual Studio Code [Administrator]'
\
[2026-08-11 12:13:50] - 'filter.c - keylogger-Wind - Visual Studio Code [Administrator]'
<ENTER>
[2026-08-11 12:13:50] - 'filter.c - keylogger-Wind - Visual Studio Code [Administrator]'
<BACKSPACE>
[2026-08-11 12:13:50] - 'filter.c - keylogger-Wind - Visual Studio Code [Administrator]'
<BACKSPACE>
[2026-08-11 12:13:51] - 'filter.c - keylogger-Wind - Visual Studio Code [Administrator]'
<BACKSPACE>
[2026-08-11 12:13:51] - 'filter.c - keylogger-Wind - Visual Studio Code [Administrator]'
<ENTER>
[2026-08-11 12:13:52] - 'filter.c - keylogger-Wind - Visual Studio Code [Administrator]'
f
[2026-08-11 12:13:52] - 'filter.c - keylogger-Wind - Visual Studio Code [Administrator]'
o
[2026-08-11 12:13:52] - 'filter.c - keylogger-Wind - Visual Studio Code [Administrator]'
r
[2026-08-11 12:13:52] - 'filter.c - keylogger-Wind - Visual Studio Code [Administrator]'
<SPACE>
[2026-08-11 12:13:53] - 'filter.c - keylogger-Wind - Visual Studio Code [Administrator]'
<LSHIFT>
[2026-08-11 12:13:53] - 'filter.c - keylogger-Wind - Visual Studio Code [Administrator]'
9
[2026-08-11 12:13:54] - 'filter.c - keylogger-Wind - Visual Studio Code [Administrator]'
i
[2026-08-11 12:13:54] - 'filter.c - keylogger-Wind - Visual Studio Code [Administrator]'
n
[2026-08-11 12:13:54] - 'filter.c - keylogger-Wind - Visual Studio Code [Administrator]'
t
[2026-08-11 12:13:54] - 'filter.c - keylogger-Wind - Visual Studio Code [Administrator]'
<SPACE>
[2026-08-11 12:14:00] - 'filter.c - keylogger-Wind - Visual Studio Code [Administrator]'
j
[2026-08-11 12:14:00] - 'filter.c - keylogger-Wind - Visual Studio Code [Administrator]'
<SPACE>
[2026-08-11 12:14:01] - 'filter.c - keylogger-Wind - Visual Studio Code [Administrator]'
=
[2026-08-11 12:14:01] - 'filter.c - keylogger-Wind - Visual Studio Code [Administrator]'
<SPACE>
[2026-08-11 12:14:01] - 'filter.c - keylogger-Wind - Visual Studio Code [Administrator]'
0
[2026-08-11 12:14:02] - 'filter.c - keylogger-Wind - Visual Studio Code [Administrator]'
;
[2026-08-11 12:14:02] - 'filter.c - keylogger-Wind - Visual Studio Code [Administrator]'
<SPACE>
[2026-08-11 12:14:03] - 'filter.c - keylogger-Wind - Visual Studio Code [Administrator]'
n
[2026-08-11 12:14:03] - 'filter.c - keylogger-Wind - Visual Studio Code [Administrator]'
<BACKSPACE>
[2026-08-11 12:14:04] - 'filter.c - keylogger-Wind - Visual Studio Code [Administrator]'
b
[2026-08-11 12:14:04] - 'filter.c - keylogger-Wind - Visual Studio Code [Administrator]'
l
[2026-08-11 12:14:04] - 'filter.c - keylogger-Wind - Visual Studio Code [Administrator]'
a
[2026-08-11 12:14:05] - 'filter.c - keylogger-Wind - Visual Studio Code [Administrator]'
<DOWN>
[2026-08-11 12:14:05] - 'filter.c - keylogger-Wind - Visual Studio Code [Administrator]'
<ENTER>
[2026-08-11 12:14:08] - 'filter.c - keylogger-Wind - Visual Studio Code [Administrator]'
[
[2026-08-11 12:14:08] - 'filter.c - keylogger-Wind - Visual Studio Code [Administrator]'
j
[2026-08-11 12:14:08] - 'filter.c - keylogger-Wind - Visual Studio Code [Administrator]'
<RIGHT>
[2026-08-11 12:14:09] - 'filter.c - keylogger-Wind - Visual Studio Code [Administrator]'
;
[2026-08-11 12:14:09] - 'filter.c - keylogger-Wind - Visual Studio Code [Administrator]'
j
[2026-08-11 12:14:10] - 'filter.c - keylogger-Wind - Visual Studio Code [Administrator]'
<LSHIFT>
[2026-08-11 12:14:10] - 'filter.c - keylogger-Wind - Visual Studio Code [Administrator]'
=
[2026-08-11 12:14:10] - 'filter.c - keylogger-Wind - Visual Studio Code [Administrator]'
=
[2026-08-11 12:14:10] - 'filter.c - keylogger-Wind - Visual Studio Code [Administrator]'
<RIGHT>
[2026-08-11 12:14:12] - 'filter.c - keylogger-Wind - Visual Studio Code [Administrator]'
<ENTER>
[2026-08-11 12:14:12] - 'filter.c - keylogger-Wind - Visual Studio Code [Administrator]'
<LSHIFT>
[2026-08-11 12:14:12] - 'filter.c - keylogger-Wind - Visual Studio Code [Administrator]'
[
[2026-08-11 12:14:12] - 'filter.c - keylogger-Wind - Visual Studio Code [Administrator]'
<ENTER>
[2026-08-11 12:14:13] - 'filter.c - keylogger-Wind - Visual Studio Code [Administrator]'
i
[2026-08-11 12:14:13] - 'filter.c - keylogger-Wind - Visual Studio Code [Administrator]'
f
[2026-08-11 12:14:13] - 'filter.c - keylogger-Wind - Visual Studio Code [Administrator]'
<SPACE>
[2026-08-11 12:14:13] - 'filter.c - keylogger-Wind - Visual Studio Code [Administrator]'
<LSHIFT>
[2026-08-11 12:14:13] - 'filter.c - keylogger-Wind - Visual Studio Code [Administrator]'
9
[2026-08-11 12:14:14] - 'filter.c - keylogger-Wind - Visual Studio Code [Administrator]'
s
[2026-08-11 12:14:14] - 'filter.c - keylogger-Wind - Visual Studio Code [Administrator]'
t
[2026-08-11 12:14:14] - 'filter.c - keylogger-Wind - Visual Studio Code [Administrator]'
r
[2026-08-11 12:14:15] - 'filter.c - keylogger-Wind - Visual Studio Code [Administrator]'
t
[2026-08-11 12:14:15] - 'filter.c - keylogger-Wind - Visual Studio Code [Administrator]'
s
[2026-08-11 12:14:15] - 'filter.c - keylogger-Wind - Visual Studio Code [Administrator]'
<BACKSPACE>
[2026-08-11 12:14:16] - 'filter.c - keylogger-Wind - Visual Studio Code [Administrator]'
<BACKSPACE>
[2026-08-11 12:14:16] - 'filter.c - keylogger-Wind - Visual Studio Code [Administrator]'
s
[2026-08-11 12:14:16] - 'filter.c - keylogger-Wind - Visual Studio Code [Administrator]'
t
[2026-08-11 12:14:17] - 'filter.c - keylogger-Wind - Visual Studio Code [Administrator]'
t
[2026-08-11 12:14:17] - 'filter.c - keylogger-Wind - Visual Studio Code [Administrator]'
r
[2026-08-11 12:14:17] - 'filter.c - keylogger-Wind - Visual Studio Code [Administrator]'
<BACKSPACE>
[2026-08-11 12:14:17] - 'filter.c - keylogger-Wind - Visual Studio Code [Administrator]'
<BACKSPACE>
[2026-08-11 12:14:17] - 'filter.c - keylogger-Wind - Visual Studio Code [Administrator]'
r
[2026-08-11 12:14:19] - 'filter.c - keylogger-Wind - Visual Studio Code [Administrator]'
<LSHIFT>
[2026-08-11 12:14:19] - 'filter.c - keylogger-Wind - Visual Studio Code [Administrator]'
9
[2026-08-11 12:14:19] - 'filter.c - keylogger-Wind - Visual Studio Code [Administrator]'
e
[2026-08-11 12:14:20] - 'filter.c - keylogger-Wind - Visual Studio Code [Administrator]'
<TAB>
[2026-08-11 12:14:20] - 'filter.c - keylogger-Wind - Visual Studio Code [Administrator]'
<BACKSPACE>
[2026-08-11 12:14:20] - 'filter.c - keylogger-Wind - Visual Studio Code [Administrator]'
<BACKSPACE>
[2026-08-11 12:14:20] - 'filter.c - keylogger-Wind - Visual Studio Code [Administrator]'
<BACKSPACE>
[2026-08-11 12:14:21] - 'filter.c - keylogger-Wind - Visual Studio Code [Administrator]'
x
[2026-08-11 12:14:21] - 'filter.c - keylogger-Wind - Visual Studio Code [Administrator]'
<TAB>
[2026-08-11 12:14:22] - 'filter.c - keylogger-Wind - Visual Studio Code [Administrator]'
,
[2026-08-11 12:14:22] - 'filter.c - keylogger-Wind - Visual Studio Code [Administrator]'
<SPACE>
[2026-08-11 12:14:23] - 'filter.c - keylogger-Wind - Visual Studio Code [Administrator]'
b
[2026-08-11 12:14:23] - 'filter.c - keylogger-Wind - Visual Studio Code [Administrator]'
l
[2026-08-11 12:14:23] - 'filter.c - keylogger-Wind - Visual Studio Code [Administrator]'
a
[2026-08-11 12:14:24] - 'filter.c - keylogger-Wind - Visual Studio Code [Administrator]'
<TAB>
[2026-08-11 12:14:24] - 'filter.c - keylogger-Wind - Visual Studio Code [Administrator]'
<LSHIFT>
[2026-08-11 12:14:25] - 'filter.c - keylogger-Wind - Visual Studio Code [Administrator]'
-
[2026-08-11 12:14:25] - 'filter.c - keylogger-Wind - Visual Studio Code [Administrator]'
<TAB>
[2026-08-11 12:14:26] - 'filter.c - keylogger-Wind - Visual Studio Code [Administrator]'
[
[2026-08-11 12:14:26] - 'filter.c - keylogger-Wind - Visual Studio Code [Administrator]'
j
[2026-08-11 12:14:26] - 'filter.c - keylogger-Wind - Visual Studio Code [Administrator]'
<RIGHT>
[2026-08-11 12:14:26] - 'filter.c - keylogger-Wind - Visual Studio Code [Administrator]'
<DOWN>
[2026-08-11 12:14:27] - 'filter.c - keylogger-Wind - Visual Studio Code [Administrator]'
<LEFT>
[2026-08-11 12:14:28] - 'filter.c - keylogger-Wind - Visual Studio Code [Administrator]'
<LEFT>
[2026-08-11 12:14:28] - 'filter.c - keylogger-Wind - Visual Studio Code [Administrator]'
<LEFT>
[2026-08-11 12:14:28] - 'filter.c - keylogger-Wind - Visual Studio Code [Administrator]'
<LEFT>
[2026-08-11 12:14:28] - 'filter.c - keylogger-Wind - Visual Studio Code [Administrator]'
<RIGHT>
[2026-08-11 12:14:29] - 'filter.c - keylogger-Wind - Visual Studio Code [Administrator]'
<ENTER>
[2026-08-11 12:14:29] - 'filter.c - keylogger-Wind - Visual Studio Code [Administrator]'
<TAB>
[2026-08-11 12:14:29] - 'filter.c - keylogger-Wind - Visual Studio Code [Administrator]'
r
[2026-08-11 12:14:29] - 'filter.c - keylogger-Wind - Visual Studio Code [Administrator]'
e
[2026-08-11 12:14:29] - 'filter.c - keylogger-Wind - Visual Studio Code [Administrator]'
t
[2026-08-11 12:14:30] - 'filter.c - keylogger-Wind - Visual Studio Code [Administrator]'
<TAB>
[2026-08-11 12:14:30] - 'filter.c - keylogger-Wind - Visual Studio Code [Administrator]'
<SPACE>
[2026-08-11 12:14:30] - 'filter.c - keylogger-Wind - Visual Studio Code [Administrator]'
<BACKSPACE>
[2026-08-11 12:14:30] - 'filter.c - keylogger-Wind - Visual Studio Code [Administrator]'
<BACKSPACE>
[2026-08-11 12:14:30] - 'filter.c - keylogger-Wind - Visual Studio Code [Administrator]'
<BACKSPACE>
[2026-08-11 12:14:31] - 'filter.c - keylogger-Wind - Visual Studio Code [Administrator]'
<BACKSPACE>
[2026-08-11 12:14:31] - 'filter.c - keylogger-Wind - Visual Studio Code [Administrator]'
<BACKSPACE>
[2026-08-11 12:14:31] - 'filter.c - keylogger-Wind - Visual Studio Code [Administrator]'
<BACKSPACE>
[2026-08-11 12:14:31] - 'filter.c - keylogger-Wind - Visual Studio Code [Administrator]'
u
[2026-08-11 12:14:32] - 'filter.c - keylogger-Wind - Visual Studio Code [Administrator]'
r
[2026-08-11 12:14:32] - 'filter.c - keylogger-Wind - Visual Studio Code [Administrator]'
n
[2026-08-11 12:14:32] - 'filter.c - keylogger-Wind - Visual Studio Code [Administrator]'
<SPACE>
[2026-08-11 12:14:32] - 'filter.c - keylogger-Wind - Visual Studio Code [Administrator]'
0
[2026-08-11 12:14:33] - 'filter.c - keylogger-Wind - Visual Studio Code [Administrator]'
;
[2026-08-11 12:15:02] - 'Sélection Administrateur : x64 Native Tools Command Prompt for VS Insiders'
<BACKSPACE>
[2026-08-11 12:15:02] - 'Administrateur : x64 Native Tools Command Prompt for VS Insiders'
<BACKSPACE>
[2026-08-11 12:15:03] - 'Administrateur : x64 Native Tools Command Prompt for VS Insiders'
<BACKSPACE>
[2026-08-11 12:15:03] - 'Administrateur : x64 Native Tools Command Prompt for VS Insiders'
<BACKSPACE>
[2026-08-11 12:15:03] - 'Administrateur : x64 Native Tools Command Prompt for VS Insiders'
n
[2026-08-11 12:15:03] - 'Administrateur : x64 Native Tools Command Prompt for VS Insiders'
a
[2026-08-11 12:15:03] - 'Administrateur : x64 Native Tools Command Prompt for VS Insiders'
k
[2026-08-11 12:15:03] - 'Administrateur : x64 Native Tools Command Prompt for VS Insiders'
e
[2026-08-11 12:15:04] - 'Administrateur : x64 Native Tools Command Prompt for VS Insiders'
<SPACE>
[2026-08-11 12:15:04] - 'Administrateur : x64 Native Tools Command Prompt for VS Insiders'
<BACKSPACE>
[2026-08-11 12:15:04] - 'Administrateur : x64 Native Tools Command Prompt for VS Insiders'
<BACKSPACE>
[2026-08-11 12:15:04] - 'Administrateur : x64 Native Tools Command Prompt for VS Insiders'
<BACKSPACE>
[2026-08-11 12:15:04] - 'Administrateur : x64 Native Tools Command Prompt for VS Insiders'
<BACKSPACE>
[2026-08-11 12:15:05] - 'Administrateur : x64 Native Tools Command Prompt for VS Insiders'
m
[2026-08-11 12:15:05] - 'Administrateur : x64 Native Tools Command Prompt for VS Insiders'
a
[2026-08-11 12:15:05] - 'Administrateur : x64 Native Tools Command Prompt for VS Insiders'
k
[2026-08-11 12:15:05] - 'Administrateur : x64 Native Tools Command Prompt for VS Insiders'
e
[2026-08-11 12:15:05] - 'Administrateur : x64 Native Tools Command Prompt for VS Insiders'
<SPACE>
[2026-08-11 12:15:05] - 'Administrateur : x64 Native Tools Command Prompt for VS Insiders'
r
[2026-08-11 12:15:05] - 'Administrateur : x64 Native Tools Command Prompt for VS Insiders'
e
[2026-08-11 12:15:06] - 'Administrateur : x64 Native Tools Command Prompt for VS Insiders'
<ENTER>
[2026-08-11 12:15:35] - 'filter.c - keylogger-Wind - Visual Studio Code [Administrator]'
=
[2026-08-11 12:15:38] - 'Administrateur : x64 Native Tools Command Prompt for VS Insiders'
<UP>
[2026-08-11 12:15:38] - 'Administrateur : x64 Native Tools Command Prompt for VS Insiders'
<ENTER>
[2026-08-11 12:15:43] - 'Administrateur : x64 Native Tools Command Prompt for VS Insiders'
c
[2026-08-11 12:15:43] - 'Administrateur : x64 Native Tools Command Prompt for VS Insiders'
l
[2026-08-11 12:15:43] - 'Administrateur : x64 Native Tools Command Prompt for VS Insiders'
s
[2026-08-11 12:15:44] - 'Administrateur : x64 Native Tools Command Prompt for VS Insiders'
<ENTER>
[2026-08-11 12:16:03] - 'Administrateur : x64 Native Tools Command Prompt for VS Insiders'
w
[2026-08-11 12:16:03] - 'Administrateur : x64 Native Tools Command Prompt for VS Insiders'
i
[2026-08-11 12:16:03] - 'Administrateur : x64 Native Tools Command Prompt for VS Insiders'
n
[2026-08-11 12:16:03] - 'Administrateur : x64 Native Tools Command Prompt for VS Insiders'
<TAB>
[2026-08-11 12:16:04] - 'Administrateur : x64 Native Tools Command Prompt for VS Insiders'
<ENTER>
[2026-08-11 12:16:06] - 'Administrateur : x64 Native Tools Command Prompt for VS Insiders - winkey.exe'
<SPACE>
[2026-08-11 12:16:08] - 'Administrateur : x64 Native Tools Command Prompt for VS Insiders - winkey.exe'
l
[2026-08-11 12:16:29] - 'Administrateur : Windows PowerShell'
<SPACE>
[2026-08-11 12:16:30] - 'Administrateur : Windows PowerShell'
<SPACE>
[2026-08-11 12:16:30] - 'Administrateur : Windows PowerShell'
l
[2026-08-11 12:16:31] - 'Administrateur : Windows PowerShell'
l
[2026-08-11 12:16:40] - 'Sélection Administrateur : Windows PowerShell'
<BACKSPACE>
[2026-08-11 12:16:40] - 'Administrateur : Windows PowerShell'
<BACKSPACE>
[2026-08-11 12:16:40] - 'Administrateur : Windows PowerShell'
<BACKSPACE>
[2026-08-11 12:16:40] - 'Administrateur : Windows PowerShell'
<BACKSPACE>
[2026-08-11 12:16:40] - 'Administrateur : Windows PowerShell'
<BACKSPACE>
[2026-08-11 12:16:51] - 'Sélection x64 Native Tools Command Prompt for VS Insiders'
<SPACE>
[2026-08-11 12:16:52] - 'x64 Native Tools Command Prompt for VS Insiders'
<SPACE>
[2026-08-11 12:16:54] - 'x64 Native Tools Command Prompt for VS Insiders'
w
[2026-08-11 12:16:55] - 'x64 Native Tools Command Prompt for VS Insiders'
h
[2026-08-11 12:16:55] - 'x64 Native Tools Command Prompt for VS Insiders'
o
[2026-08-11 12:16:55] - 'x64 Native Tools Command Prompt for VS Insiders'
a
[2026-08-11 12:16:55] - 'x64 Native Tools Command Prompt for VS Insiders'
m
[2026-08-11 12:16:55] - 'x64 Native Tools Command Prompt for VS Insiders'
i
[2026-08-11 12:16:56] - 'x64 Native Tools Command Prompt for VS Insiders'
<ENTER>
[2026-08-11 12:17:03] - 'winkey.log - keylogger-Wind - Visual Studio Code [Administrator]'
<RIGHT>
[2026-08-11 12:17:04] - 'winkey.log - keylogger-Wind - Visual Studio Code [Administrator]'
<RIGHT>
[2026-08-11 12:17:04] - 'winkey.log - keylogger-Wind - Visual Studio Code [Administrator]'
<RIGHT>
[2026-08-11 12:17:04] - 'winkey.log - keylogger-Wind - Visual Studio Code [Administrator]'
<RIGHT>
[2026-08-11 12:17:04] - 'winkey.log - keylogger-Wind - Visual Studio Code [Administrator]'
<RIGHT>
[2026-08-11 12:17:04] - 'winkey.log - keylogger-Wind - Visual Studio Code [Administrator]'
<RIGHT>
[2026-08-11 12:17:04] - 'winkey.log - keylogger-Wind - Visual Studio Code [Administrator]'
<RIGHT>
[2026-08-11 12:17:04] - 'winkey.log - keylogger-Wind - Visual Studio Code [Administrator]'
<RIGHT>
[2026-08-11 12:17:04] - 'winkey.log - keylogger-Wind - Visual Studio Code [Administrator]'
<RIGHT>
[2026-08-11 12:17:04] - 'winkey.log - keylogger-Wind - Visual Studio Code [Administrator]'
<RIGHT>
[2026-08-11 12:17:04] - 'winkey.log - keylogger-Wind - Visual Studio Code [Administrator]'
<RIGHT>
[2026-08-11 12:17:04] - 'winkey.log - keylogger-Wind - Visual Studio Code [Administrator]'
<RIGHT>
[2026-08-11 12:17:04] - 'winkey.log - keylogger-Wind - Visual Studio Code [Administrator]'
<RIGHT>
[2026-08-11 12:17:04] - 'winkey.log - keylogger-Wind - Visual Studio Code [Administrator]'
<RIGHT>
[2026-08-11 12:17:04] - 'winkey.log - keylogger-Wind - Visual Studio Code [Administrator]'
<RIGHT>
[2026-08-11 12:17:04] - 'winkey.log - keylogger-Wind - Visual Studio Code [Administrator]'
<RIGHT>
[2026-08-11 12:17:04] - 'winkey.log - keylogger-Wind - Visual Studio Code [Administrator]'
<RIGHT>
[2026-08-11 12:17:04] - 'winkey.log - keylogger-Wind - Visual Studio Code [Administrator]'
<RIGHT>
[2026-08-11 12:17:05] - 'winkey.log - keylogger-Wind - Visual Studio Code [Administrator]'
<RIGHT>
[2026-08-11 12:17:05] - 'winkey.log - keylogger-Wind - Visual Studio Code [Administrator]'
<RIGHT>
[2026-08-11 12:17:05] - 'winkey.log - keylogger-Wind - Visual Studio Code [Administrator]'
<RIGHT>
[2026-08-11 12:17:06] - 'winkey.log - keylogger-Wind - Visual Studio Code [Administrator]'
<RIGHT>
[2026-08-11 12:17:06] - 'winkey.log - keylogger-Wind - Visual Studio Code [Administrator]'
<RIGHT>
[2026-08-11 12:17:06] - 'winkey.log - keylogger-Wind - Visual Studio Code [Administrator]'
<RIGHT>
[2026-08-11 12:17:06] - 'winkey.log - keylogger-Wind - Visual Studio Code [Administrator]'
<RIGHT>
[2026-08-11 12:17:06] - 'winkey.log - keylogger-Wind - Visual Studio Code [Administrator]'
<RIGHT>
[2026-08-11 12:17:06] - 'winkey.log - keylogger-Wind - Visual Studio Code [Administrator]'
<RIGHT>
[2026-08-11 12:17:06] - 'winkey.log - keylogger-Wind - Visual Studio Code [Administrator]'
<RIGHT>
[2026-08-11 12:17:06] - 'winkey.log - keylogger-Wind - Visual Studio Code [Administrator]'
<RIGHT>
[2026-08-11 12:17:06] - 'winkey.log - keylogger-Wind - Visual Studio Code [Administrator]'
<RIGHT>
[2026-08-11 12:17:06] - 'winkey.log - keylogger-Wind - Visual Studio Code [Administrator]'
<RIGHT>
[2026-08-11 12:17:06] - 'winkey.log - keylogger-Wind - Visual Studio Code [Administrator]'
<RIGHT>
[2026-08-11 12:17:06] - 'winkey.log - keylogger-Wind - Visual Studio Code [Administrator]'
<RIGHT>
[2026-08-11 12:17:06] - 'winkey.log - keylogger-Wind - Visual Studio Code [Administrator]'
<RIGHT>
[2026-08-11 12:17:06] - 'winkey.log - keylogger-Wind - Visual Studio Code [Administrator]'
<RIGHT>
[2026-08-11 12:17:07] - 'winkey.log - keylogger-Wind - Visual Studio Code [Administrator]'
<RIGHT>
[2026-08-11 12:17:07] - 'winkey.log - keylogger-Wind - Visual Studio Code [Administrator]'
<RIGHT>
[2026-08-11 12:17:30] - 'Administrateur : x64 Native Tools Command Prompt for VS Insiders - winkey.exe'
<LCTRL>
[2026-08-11 12:17:33] - 'Administrateur : x64 Native Tools Command Prompt for VS Insiders - winkey.exe'
<LCTRL>
[2026-08-11 12:17:33] - 'Administrateur : x64 Native Tools Command Prompt for VS Insiders - winkey.exe'
c
[2026-08-11 12:17:33] - 'Administrateur : x64 Native Tools Command Prompt for VS Insiders'
c
[2026-08-11 12:21:15] - 'filter.c - keylogger-Wind - Visual Studio Code [Administrator]'
<RIGHT>
[2026-08-11 12:21:15] - 'filter.c - keylogger-Wind - Visual Studio Code [Administrator]'
<BACKSPACE>
[2026-08-11 12:21:15] - 'filter.c - keylogger-Wind - Visual Studio Code [Administrator]'
<BACKSPACE>
[2026-08-11 12:21:16] - 'filter.c - keylogger-Wind - Visual Studio Code [Administrator]'
<BACKSPACE>
[2026-08-11 12:21:16] - 'filter.c - keylogger-Wind - Visual Studio Code [Administrator]'
<BACKSPACE>
[2026-08-11 12:21:16] - 'filter.c - keylogger-Wind - Visual Studio Code [Administrator]'
<BACKSPACE>
[2026-08-11 12:21:19] - 'filter.c - keylogger-Wind - Visual Studio Code [Administrator]'
VK(91)
[2026-08-11 12:21:19] - 'filter.c - keylogger-Wind - Visual Studio Code [Administrator]'
<RIGHT>
[2026-08-11 12:21:22] - 'filter.c - keylogger-Wind - Visual Studio Code [Administrator]'
<LSHIFT>
[2026-08-11 12:21:22] - 'filter.c - keylogger-Wind - Visual Studio Code [Administrator]'
a
[2026-08-11 12:21:23] - 'filter.c - keylogger-Wind - Visual Studio Code [Administrator]'
d
[2026-08-11 12:21:24] - 'filter.c - keylogger-Wind - Visual Studio Code [Administrator]'
m
[2026-08-11 12:21:24] - 'filter.c - keylogger-Wind - Visual Studio Code [Administrator]'
i
[2026-08-11 12:21:25] - 'filter.c - keylogger-Wind - Visual Studio Code [Administrator]'
n
[2026-08-11 12:21:25] - 'filter.c - keylogger-Wind - Visual Studio Code [Administrator]'
i
[2026-08-11 12:21:26] - 'filter.c - keylogger-Wind - Visual Studio Code [Administrator]'
s
[2026-08-11 12:21:27] - 'filter.c - keylogger-Wind - Visual Studio Code [Administrator]'
t
[2026-08-11 12:21:27] - 'filter.c - keylogger-Wind - Visual Studio Code [Administrator]'
r
[2026-08-11 12:21:27] - 'filter.c - keylogger-Wind - Visual Studio Code [Administrator]'
a
[2026-08-11 12:21:27] - 'filter.c - keylogger-Wind - Visual Studio Code [Administrator]'
t
[2026-08-11 12:21:28] - 'filter.c - keylogger-Wind - Visual Studio Code [Administrator]'
e
[2026-08-11 12:21:28] - 'filter.c - keylogger-Wind - Visual Studio Code [Administrator]'
u
[2026-08-11 12:21:28] - 'filter.c - keylogger-Wind - Visual Studio Code [Administrator]'
r
